Archive member included to satisfy reference by file (symbol)

c:/program files (x86)/gnu tools arm embedded/6 2017-q1-update/bin/../lib/gcc/arm-none-eabi/6.3.1/thumb/v7e-m/fpv4-sp/hard\libgcc.a(_arm_addsubdf3.o)
                              ./User/main.o (__aeabi_dadd)
c:/program files (x86)/gnu tools arm embedded/6 2017-q1-update/bin/../lib/gcc/arm-none-eabi/6.3.1/thumb/v7e-m/fpv4-sp/hard\libgcc.a(_arm_muldivdf3.o)
                              ./Library/StdDriver/src/emac.o (__aeabi_dmul)
c:/program files (x86)/gnu tools arm embedded/6 2017-q1-update/bin/../lib/gcc/arm-none-eabi/6.3.1/thumb/v7e-m/fpv4-sp/hard\libgcc.a(_arm_fixunsdfsi.o)
                              ./Library/StdDriver/src/emac.o (__aeabi_d2uiz)
c:/program files (x86)/gnu tools arm embedded/6 2017-q1-update/bin/../lib/gcc/arm-none-eabi/6.3.1/thumb/v7e-m/fpv4-sp/hard\libgcc.a(_arm_truncdfsf2.o)
                              ./User/main.o (__aeabi_d2f)
c:/program files (x86)/gnu tools arm embedded/6 2017-q1-update/bin/../lib/gcc/arm-none-eabi/6.3.1/thumb/v7e-m/fpv4-sp/hard\libgcc.a(_aeabi_uldivmod.o)
                              ./Library/StdDriver/src/can.o (__aeabi_uldivmod)
c:/program files (x86)/gnu tools arm embedded/6 2017-q1-update/bin/../lib/gcc/arm-none-eabi/6.3.1/thumb/v7e-m/fpv4-sp/hard\libgcc.a(_udivmoddi4.o)
                              c:/program files (x86)/gnu tools arm embedded/6 2017-q1-update/bin/../lib/gcc/arm-none-eabi/6.3.1/thumb/v7e-m/fpv4-sp/hard\libgcc.a(_aeabi_uldivmod.o) (__udivmoddi4)
c:/program files (x86)/gnu tools arm embedded/6 2017-q1-update/bin/../lib/gcc/arm-none-eabi/6.3.1/thumb/v7e-m/fpv4-sp/hard\libgcc.a(_dvmd_tls.o)
                              c:/program files (x86)/gnu tools arm embedded/6 2017-q1-update/bin/../lib/gcc/arm-none-eabi/6.3.1/thumb/v7e-m/fpv4-sp/hard\libgcc.a(_aeabi_uldivmod.o) (__aeabi_ldiv0)
c:/program files (x86)/gnu tools arm embedded/6 2017-q1-update/bin/../lib/gcc/arm-none-eabi/6.3.1/../../../../arm-none-eabi/lib/thumb/v7e-m/fpv4-sp/hard\libg_nano.a(lib_a-errno.o)
                              ./CMSIS/GCC/_syscalls.o (__errno)
c:/program files (x86)/gnu tools arm embedded/6 2017-q1-update/bin/../lib/gcc/arm-none-eabi/6.3.1/../../../../arm-none-eabi/lib/thumb/v7e-m/fpv4-sp/hard\libg_nano.a(lib_a-exit.o)
                              c:/program files (x86)/gnu tools arm embedded/6 2017-q1-update/bin/../lib/gcc/arm-none-eabi/6.3.1/../../../../arm-none-eabi/lib/thumb/v7e-m/fpv4-sp/hard/crt0.o (exit)
c:/program files (x86)/gnu tools arm embedded/6 2017-q1-update/bin/../lib/gcc/arm-none-eabi/6.3.1/../../../../arm-none-eabi/lib/thumb/v7e-m/fpv4-sp/hard\libg_nano.a(lib_a-impure.o)
                              c:/program files (x86)/gnu tools arm embedded/6 2017-q1-update/bin/../lib/gcc/arm-none-eabi/6.3.1/../../../../arm-none-eabi/lib/thumb/v7e-m/fpv4-sp/hard\libg_nano.a(lib_a-exit.o) (_global_impure_ptr)
c:/program files (x86)/gnu tools arm embedded/6 2017-q1-update/bin/../lib/gcc/arm-none-eabi/6.3.1/../../../../arm-none-eabi/lib/thumb/v7e-m/fpv4-sp/hard\libg_nano.a(lib_a-init.o)
                              c:/program files (x86)/gnu tools arm embedded/6 2017-q1-update/bin/../lib/gcc/arm-none-eabi/6.3.1/../../../../arm-none-eabi/lib/thumb/v7e-m/fpv4-sp/hard/crt0.o (__libc_init_array)
c:/program files (x86)/gnu tools arm embedded/6 2017-q1-update/bin/../lib/gcc/arm-none-eabi/6.3.1/../../../../arm-none-eabi/lib/thumb/v7e-m/fpv4-sp/hard\libg_nano.a(lib_a-memcmp.o)
                              ./Library/StdDriver/src/emac.o (memcmp)
c:/program files (x86)/gnu tools arm embedded/6 2017-q1-update/bin/../lib/gcc/arm-none-eabi/6.3.1/../../../../arm-none-eabi/lib/thumb/v7e-m/fpv4-sp/hard\libg_nano.a(lib_a-memcpy-stub.o)
                              ./Library/StdDriver/src/crypto.o (memcpy)
c:/program files (x86)/gnu tools arm embedded/6 2017-q1-update/bin/../lib/gcc/arm-none-eabi/6.3.1/../../../../arm-none-eabi/lib/thumb/v7e-m/fpv4-sp/hard\libg_nano.a(lib_a-memset.o)
                              c:/program files (x86)/gnu tools arm embedded/6 2017-q1-update/bin/../lib/gcc/arm-none-eabi/6.3.1/../../../../arm-none-eabi/lib/thumb/v7e-m/fpv4-sp/hard/crt0.o (memset)
c:/program files (x86)/gnu tools arm embedded/6 2017-q1-update/bin/../lib/gcc/arm-none-eabi/6.3.1/../../../../arm-none-eabi/lib/thumb/v7e-m/fpv4-sp/hard\libg_nano.a(lib_a-nano-vfprintf_float.o)
                              (_printf_float)
c:/program files (x86)/gnu tools arm embedded/6 2017-q1-update/bin/../lib/gcc/arm-none-eabi/6.3.1/../../../../arm-none-eabi/lib/thumb/v7e-m/fpv4-sp/hard\libg_nano.a(lib_a-nano-vfprintf_i.o)
                              c:/program files (x86)/gnu tools arm embedded/6 2017-q1-update/bin/../lib/gcc/arm-none-eabi/6.3.1/../../../../arm-none-eabi/lib/thumb/v7e-m/fpv4-sp/hard\libg_nano.a(lib_a-nano-vfprintf_float.o) (_printf_common)
[...]
Memory Configuration

Name             Origin             Length             Attributes
FLASH            0x00000000         0x00080000         xr
RAM              0x20000000         0x00028000         xrw
*default*        0x00000000         0xffffffff

Linker script and memory map

LOAD c:/program files (x86)/gnu tools arm embedded/6 2017-q1-update/bin/../lib/gcc/arm-none-eabi/6.3.1/thumb/v7e-m/fpv4-sp/hard/crti.o
LOAD c:/program files (x86)/gnu tools arm embedded/6 2017-q1-update/bin/../lib/gcc/arm-none-eabi/6.3.1/thumb/v7e-m/fpv4-sp/hard/crtbegin.o
LOAD c:/program files (x86)/gnu tools arm embedded/6 2017-q1-update/bin/../lib/gcc/arm-none-eabi/6.3.1/../../../../arm-none-eabi/lib/thumb/v7e-m/fpv4-sp/hard/crt0.o
LOAD ./User/interrupt.o
LOAD ./User/main.o
LOAD ./User/user_sys.o
LOAD ./Library/StdDriver/src/acmp.o
LOAD ./Library/StdDriver/src/bpwm.o
LOAD ./Library/StdDriver/src/can.o
LOAD ./Library/StdDriver/src/ccap.o
LOAD ./Library/StdDriver/src/clk.o
LOAD ./Library/StdDriver/src/crc.o
LOAD ./Library/StdDriver/src/crypto.o
LOAD ./Library/StdDriver/src/dac.o
LOAD ./Library/StdDriver/src/eadc.o
LOAD ./Library/StdDriver/src/ebi.o
LOAD ./Library/StdDriver/src/ecap.o
LOAD ./Library/StdDriver/src/emac.o
LOAD ./Library/StdDriver/src/epwm.o
LOAD ./Library/StdDriver/src/fmc.o
LOAD ./Library/StdDriver/src/gpio.o
LOAD ./Library/StdDriver/src/hsusbd.o
LOAD ./Library/StdDriver/src/i2c.o
LOAD ./Library/StdDriver/src/i2s.o
LOAD ./Library/StdDriver/src/pdma.o
LOAD ./Library/StdDriver/src/qei.o
LOAD ./Library/StdDriver/src/qspi.o
LOAD ./Library/StdDriver/src/retarget.o
LOAD ./Library/StdDriver/src/rtc.o
LOAD ./Library/StdDriver/src/sc.o
LOAD ./Library/StdDriver/src/scuart.o
LOAD ./Library/StdDriver/src/sdh.o
LOAD ./Library/StdDriver/src/spi.o
LOAD ./Library/StdDriver/src/spim.o
LOAD ./Library/StdDriver/src/sys.o
LOAD ./Library/StdDriver/src/timer.o
LOAD ./Library/StdDriver/src/timer_pwm.o
LOAD ./Library/StdDriver/src/trng.o
LOAD ./Library/StdDriver/src/uart.o
LOAD ./Library/StdDriver/src/usbd.o
LOAD ./Library/StdDriver/src/usci_i2c.o
LOAD ./Library/StdDriver/src/usci_spi.o
LOAD ./Library/StdDriver/src/usci_uart.o
LOAD ./Library/StdDriver/src/wdt.o
LOAD ./Library/StdDriver/src/wwdt.o
LOAD ./CMSIS/GCC/_syscalls.o
LOAD ./CMSIS/GCC/startup_M480.o
LOAD ./CMSIS/system_M480.o
START GROUP
LOAD c:/program files (x86)/gnu tools arm embedded/6 2017-q1-update/bin/../lib/gcc/arm-none-eabi/6.3.1/thumb/v7e-m/fpv4-sp/hard\libgcc.a
LOAD c:/program files (x86)/gnu tools arm embedded/6 2017-q1-update/bin/../lib/gcc/arm-none-eabi/6.3.1/../../../../arm-none-eabi/lib/thumb/v7e-m/fpv4-sp/hard\libg_nano.a
LOAD c:/program files (x86)/gnu tools arm embedded/6 2017-q1-update/bin/../lib/gcc/arm-none-eabi/6.3.1/../../../../arm-none-eabi/lib/thumb/v7e-m/fpv4-sp/hard\libc_nano.a
END GROUP
START GROUP
LOAD c:/program files (x86)/gnu tools arm embedded/6 2017-q1-update/bin/../lib/gcc/arm-none-eabi/6.3.1/thumb/v7e-m/fpv4-sp/hard\libgcc.a
LOAD c:/program files (x86)/gnu tools arm embedded/6 2017-q1-update/bin/../lib/gcc/arm-none-eabi/6.3.1/../../../../arm-none-eabi/lib/thumb/v7e-m/fpv4-sp/hard\libc_nano.a
END GROUP
LOAD c:/program files (x86)/gnu tools arm embedded/6 2017-q1-update/bin/../lib/gcc/arm-none-eabi/6.3.1/thumb/v7e-m/fpv4-sp/hard/crtend.o
LOAD c:/program files (x86)/gnu tools arm embedded/6 2017-q1-update/bin/../lib/gcc/arm-none-eabi/6.3.1/thumb/v7e-m/fpv4-sp/hard/crtn.o
START GROUP
LOAD c:/program files (x86)/gnu tools arm embedded/6 2017-q1-update/bin/../lib/gcc/arm-none-eabi/6.3.1/thumb/v7e-m/fpv4-sp/hard\libgcc.a
LOAD c:/program files (x86)/gnu tools arm embedded/6 2017-q1-update/bin/../lib/gcc/arm-none-eabi/6.3.1/../../../../arm-none-eabi/lib/thumb/v7e-m/fpv4-sp/hard\libc.a
LOAD c:/program files (x86)/gnu tools arm embedded/6 2017-q1-update/bin/../lib/gcc/arm-none-eabi/6.3.1/../../../../arm-none-eabi/lib/thumb/v7e-m/fpv4-sp/hard\libm.a
LOAD c:/program files (x86)/gnu tools arm embedded/6 2017-q1-update/bin/../lib/gcc/arm-none-eabi/6.3.1/../../../../arm-none-eabi/lib/thumb/v7e-m/fpv4-sp/hard\libnosys.a
END GROUP

.text           0x00000000     0x49ec
 *(.vectors)
 .vectors       0x00000000      0x1f4 ./CMSIS/GCC/startup_M480.o
                0x00000000                __Vectors
                0x000001f4                __Vectors_End = .
                0x000001f4                __Vectors_Size = (__Vectors_End - __Vectors)
                0x000001f4                __end__ = .
 *(.text*)
 .text          0x000001f4       0x6c c:/program files (x86)/gnu tools arm embedded/6 2017-q1-update/bin/../lib/gcc/arm-none-eabi/6.3.1/thumb/v7e-m/fpv4-sp/hard/crtbegin.o
 .text          0x00000260       0x74 c:/program files (x86)/gnu tools arm embedded/6 2017-q1-update/bin/../lib/gcc/arm-none-eabi/6.3.1/../../../../arm-none-eabi/lib/thumb/v7e-m/fpv4-sp/hard/crt0.o
                0x00000260                _start
                0x00000260                _mainCRTStartup
 .text.PDMA_IRQHandler
                0x000002d4       0xa0 ./User/interrupt.o
                0x000002d4                PDMA_IRQHandler
 .text.SysTick_Handler
                0x00000374       0x40 ./User/main.o
                0x00000374                SysTick_Handler
 .text.SYS_Init
                0x000003b4       0xb8 ./User/main.o
                0x000003b4                SYS_Init
 *fill*         0x0000046c        0x4 
 .text.main     0x00000470      0x198 ./User/main.o
                0x00000470                main
 .text.update_button_LED_states
                0x00000608       0x50 ./User/user_sys.o
                0x00000608                update_button_LED_states
 .text.delay_ms
                0x00000658       0x30 ./User/user_sys.o
                0x00000658                delay_ms
 .text.init_UART1_DMA
                0x00000688       0x80 ./User/user_sys.o
                0x00000688                init_UART1_DMA
 .text.start_UART1_DMA_Xfer
                0x00000708       0x38 ./User/user_sys.o
                0x00000708                start_UART1_DMA_Xfer
 .text.push_UART1
                0x00000740       0x7c ./User/user_sys.o
                0x00000740                push_UART1
 .text.pop_UART1
                0x000007bc       0x44 ./User/user_sys.o
                0x000007bc                pop_UART1
 .text.CLK_EnableXtalRC
                0x00000800       0x10 ./Library/StdDriver/src/clk.o
                0x00000800                CLK_EnableXtalRC
 .text.CLK_DisablePLL
                0x00000810       0x10 ./Library/StdDriver/src/clk.o
                0x00000810                CLK_DisablePLL
 .text.CLK_WaitClockReady
                0x00000820       0x28 ./Library/StdDriver/src/clk.o
                0x00000820                CLK_WaitClockReady
 .text.CLK_SetHCLK
                0x00000848       0x4c ./Library/StdDriver/src/clk.o
                0x00000848                CLK_SetHCLK
 .text.CLK_GetPLLClockFreq
                0x00000894       0x5c ./Library/StdDriver/src/clk.o
                0x00000894                CLK_GetPLLClockFreq
 .text.CLK_EnablePLL
                0x000008f0      0x15c ./Library/StdDriver/src/clk.o
                0x000008f0                CLK_EnablePLL
 .text.CLK_SetCoreClock
                0x00000a4c       0x7c ./Library/StdDriver/src/clk.o
                0x00000a4c                CLK_SetCoreClock
 .text.GPIO_SetMode
                0x00000ac8       0x34 ./Library/StdDriver/src/gpio.o
                0x00000ac8                GPIO_SetMode
 .text.PDMA_EnableInt
                0x00000afc       0x3c ./Library/StdDriver/src/pdma.o
                0x00000afc                PDMA_EnableInt
 .text.stackDump
                0x00000b38       0x68 ./Library/StdDriver/src/retarget.o
 .text.Hard_Fault_Handler
                0x00000ba0       0x18 ./Library/StdDriver/src/retarget.o
                0x00000ba0                Hard_Fault_Handler
 .text.HardFault_Handler
                0x00000bb8       0x24 ./Library/StdDriver/src/retarget.o
                0x00000bb8                HardFault_Handler
 .text._write   0x00000bdc       0x44 ./Library/StdDriver/src/retarget.o
                0x00000bdc                _write
 .text._read    0x00000c20       0x18 ./Library/StdDriver/src/retarget.o
                0x00000c20                _read
 .text.UART_Open
                0x00000c38      0x11c ./Library/StdDriver/src/uart.o
                0x00000c38                UART_Open
 .text._close   0x00000d54       0x10 ./CMSIS/GCC/_syscalls.o
                0x00000d54                _close
 .text._fstat   0x00000d64       0x10 ./CMSIS/GCC/_syscalls.o
                0x00000d64                _fstat
 .text._isatty  0x00000d74        0xe ./CMSIS/GCC/_syscalls.o
                0x00000d74                _isatty
 .text._lseek   0x00000d82       0x10 ./CMSIS/GCC/_syscalls.o
                0x00000d82                _lseek
 *fill*         0x00000d92        0x2 
 .text          0x00000d94       0x68 ./CMSIS/GCC/startup_M480.o
                0x00000d94                Reset_Handler
                0x00000df8                BRAKE0_IRQHandler
                0x00000df8                SC2_IRQHandler
                0x00000df8                DebugMon_Handler
                0x00000df8                EPWM1P2_IRQHandler
                0x00000df8                ACMP01_IRQHandler
                0x00000df8                I2C0_IRQHandler
                0x00000df8                EMAC_RX_IRQHandler
                0x00000df8                SC0_IRQHandler
                0x00000df8                USCI0_IRQHandler
                0x00000df8                EADC13_IRQHandler
                0x00000df8                PendSV_Handler
                0x00000df8                NMI_Handler
                0x00000df8                I2C1_IRQHandler
                0x00000df8                EINT2_IRQHandler
                0x00000df8                UART1_IRQHandler
                0x00000df8                CAN1_IRQHandler
                0x00000df8                EINT3_IRQHandler
                0x00000df8                EADC01_IRQHandler
                0x00000df8                I2S0_IRQHandler
                0x00000df8                EINT6_IRQHandler
                0x00000df8                EPWM1P1_IRQHandler
                0x00000df8                UART0_IRQHandler
                0x00000df8                BRAKE1_IRQHandler
                0x00000df8                GPE_IRQHandler
                0x00000df8                EPWM1P0_IRQHandler
                0x00000df8                EADC03_IRQHandler
                0x00000df8                SDH1_IRQHandler
                0x00000df8                USBD_IRQHandler
                0x00000df8                EADC12_IRQHandler
                0x00000df8                UsageFault_Handler
                0x00000df8                EADC10_IRQHandler
                0x00000df8                GPB_IRQHandler
                0x00000df8                SPI1_IRQHandler
                0x00000df8                TAMPER_IRQHandler
                0x00000df8                TMR0_IRQHandler
                0x00000df8                USCI1_IRQHandler
                0x00000df8                SDH0_IRQHandler
                0x00000df8                QSPI0_IRQHandler
                0x00000df8                EPWM0P1_IRQHandler
                0x00000df8                GPA_IRQHandler
                0x00000df8                IRC_IRQHandler
                0x00000df8                I2C2_IRQHandler
                0x00000df8                EINT7_IRQHandler
                0x00000df8                EADC02_IRQHandler
                0x00000df8                RTC_IRQHandler
                0x00000df8                PWRWU_IRQHandler
                0x00000df8                EPWM0P2_IRQHandler
                0x00000df8                UART5_IRQHandler
                0x00000df8                BPWM1_IRQHandler
                0x00000df8                EINT1_IRQHandler
                0x00000df8                EADC11_IRQHandler
                0x00000df8                UART2_IRQHandler
                0x00000df8                EHCI_IRQHandler
                0x00000df8                GPH_IRQHandler
                0x00000df8                UART4_IRQHandler
                0x00000df8                GPC_IRQHandler
                0x00000df8                OHCI_IRQHandler
                0x00000df8                Default_Handler
                0x00000df8                QSPI1_IRQHandler
                0x00000df8                CKFAIL_IRQHandler
                0x00000df8                USBOTG20_IRQHandler
                0x00000df8                QEI1_IRQHandler
                0x00000df8                TMR2_IRQHandler
                0x00000df8                SPIM_IRQHandler
                0x00000df8                ECAP0_IRQHandler
                0x00000df8                QEI0_IRQHandler
                0x00000df8                BPWM0_IRQHandler
                0x00000df8                BOD_IRQHandler
                0x00000df8                SPI2_IRQHandler
                0x00000df8                MemManage_Handler
                0x00000df8                WDT_IRQHandler
                0x00000df8                SVC_Handler
                0x00000df8                USBOTG_IRQHandler
                0x00000df8                OPA0_IRQHandler
                0x00000df8                EINT4_IRQHandler
                0x00000df8                USBD20_IRQHandler
                0x00000df8                SC1_IRQHandler
                0x00000df8                RAMPE_IRQHandler
                0x00000df8                EPWM0P0_IRQHandler
                0x00000df8                EINT0_IRQHandler
                0x00000df8                EINT5_IRQHandler
                0x00000df8                CRYPTO_IRQHandler
                0x00000df8                GPG_IRQHandler
                0x00000df8                CAN0_IRQHandler
                0x00000df8                TMR3_IRQHandler
                0x00000df8                DAC_IRQHandler
                0x00000df8                EMAC_TX_IRQHandler
                0x00000df8                SPI0_IRQHandler
                0x00000df8                GPD_IRQHandler
                0x00000df8                UART7_IRQHandler
                0x00000df8                UART6_IRQHandler
                0x00000df8                CCAP_IRQHandler
                0x00000df8                ECAP1_IRQHandler
                0x00000df8                CAN2_IRQHandler
                0x00000df8                GPF_IRQHandler
                0x00000df8                BusFault_Handler
                0x00000df8                SPI3_IRQHandler
                0x00000df8                UART3_IRQHandler
                0x00000df8                TMR1_IRQHandler
                0x00000df8                TRNG_IRQHandler
                0x00000df8                WWDT_IRQHandler
                0x00000df8                EADC00_IRQHandler
 .text.SystemCoreClockUpdate
                0x00000dfc       0x5c ./CMSIS/system_M480.o
                0x00000dfc                SystemCoreClockUpdate
 .text.SystemInit
                0x00000e58       0x74 ./CMSIS/system_M480.o
                0x00000e58                SystemInit
 .text          0x00000ecc      0x370 c:/program files (x86)/gnu tools arm embedded/6 2017-q1-update/bin/../lib/gcc/arm-none-eabi/6.3.1/thumb/v7e-m/fpv4-sp/hard\libgcc.a(_arm_addsubdf3.o)
                0x00000ecc                __aeabi_drsub
                0x00000ed4                __aeabi_dsub
                0x00000ed4                __subdf3
                0x00000ed8                __aeabi_dadd
                0x00000ed8                __adddf3
                0x00001150                __floatunsidf
                0x00001150                __aeabi_ui2d
                0x00001170                __floatsidf
                0x00001170                __aeabi_i2d
                0x00001194                __aeabi_f2d
                0x00001194                __extendsfdf2
                0x000011d0                __floatundidf
                0x000011d0                __aeabi_ul2d
                0x000011e0                __floatdidf
                0x000011e0                __aeabi_l2d
 .text          0x0000123c      0x424 c:/program files (x86)/gnu tools arm embedded/6 2017-q1-update/bin/../lib/gcc/arm-none-eabi/6.3.1/thumb/v7e-m/fpv4-sp/hard\libgcc.a(_arm_muldivdf3.o)
                0x0000123c                __aeabi_dmul
                0x0000123c                __muldf3
                0x00001490                __divdf3
                0x00001490                __aeabi_ddiv
 .text          0x00001660       0xa0 c:/program files (x86)/gnu tools arm embedded/6 2017-q1-update/bin/../lib/gcc/arm-none-eabi/6.3.1/thumb/v7e-m/fpv4-sp/hard\libgcc.a(_arm_truncdfsf2.o)
                0x00001660                __truncdfsf2
                0x00001660                __aeabi_d2f
 .text.__errno  0x00001700        0xc c:/program files (x86)/gnu tools arm embedded/6 2017-q1-update/bin/../lib/gcc/arm-none-eabi/6.3.1/../../../../arm-none-eabi/lib/thumb/v7e-m/fpv4-sp/hard\libg_nano.a(lib_a-errno.o)
                0x00001700                __errno
 .text.exit     0x0000170c       0x28 c:/program files (x86)/gnu tools arm embedded/6 2017-q1-update/bin/../lib/gcc/arm-none-eabi/6.3.1/../../../../arm-none-eabi/lib/thumb/v7e-m/fpv4-sp/hard\libg_nano.a(lib_a-exit.o)
                0x0000170c                exit
 .text.__libc_init_array
                0x00001734       0x48 c:/program files (x86)/gnu tools arm embedded/6 2017-q1-update/bin/../lib/gcc/arm-none-eabi/6.3.1/../../../../arm-none-eabi/lib/thumb/v7e-m/fpv4-sp/hard\libg_nano.a(lib_a-init.o)
                0x00001734                __libc_init_array
 .text.memcpy   0x0000177c       0x16 c:/program files (x86)/gnu tools arm embedded/6 2017-q1-update/bin/../lib/gcc/arm-none-eabi/6.3.1/../../../../arm-none-eabi/lib/thumb/v7e-m/fpv4-sp/hard\libg_nano.a(lib_a-memcpy-stub.o)
                0x0000177c                memcpy
 .text.memset   0x00001792       0x10 c:/program files (x86)/gnu tools arm embedded/6 2017-q1-update/bin/../lib/gcc/arm-none-eabi/6.3.1/../../../../arm-none-eabi/lib/thumb/v7e-m/fpv4-sp/hard\libg_nano.a(lib_a-memset.o)
                0x00001792                memset
 .text.__cvt    0x000017a2       0xc2 c:/program files (x86)/gnu tools arm embedded/6 2017-q1-update/bin/../lib/gcc/arm-none-eabi/6.3.1/../../../../arm-none-eabi/lib/thumb/v7e-m/fpv4-sp/hard\libg_nano.a(lib_a-nano-vfprintf_float.o)
                0x000017a2                __cvt
 .text.__exponent
                0x00001864       0x6a c:/program files (x86)/gnu tools arm embedded/6 2017-q1-update/bin/../lib/gcc/arm-none-eabi/6.3.1/../../../../arm-none-eabi/lib/thumb/v7e-m/fpv4-sp/hard\libg_nano.a(lib_a-nano-vfprintf_float.o)
                0x00001864                __exponent
 *fill*         0x000018ce        0x2 
 .text._printf_float
                0x000018d0      0x480 c:/program files (x86)/gnu tools arm embedded/6 2017-q1-update/bin/../lib/gcc/arm-none-eabi/6.3.1/../../../../arm-none-eabi/lib/thumb/v7e-m/fpv4-sp/hard\libg_nano.a(lib_a-nano-vfprintf_float.o)
                0x000018d0                _printf_float
 .text._printf_common
                0x00001d50       0xec c:/program files (x86)/gnu tools arm embedded/6 2017-q1-update/bin/../lib/gcc/arm-none-eabi/6.3.1/../../../../arm-none-eabi/lib/thumb/v7e-m/fpv4-sp/hard\libg_nano.a(lib_a-nano-vfprintf_i.o)
                0x00001d50                _printf_common
 .text._printf_i
                0x00001e3c      0x240 c:/program files (x86)/gnu tools arm embedded/6 2017-q1-update/bin/../lib/gcc/arm-none-eabi/6.3.1/../../../../arm-none-eabi/lib/thumb/v7e-m/fpv4-sp/hard\libg_nano.a(lib_a-nano-vfprintf_i.o)
                0x00001e3c                _printf_i
 .text.printf   0x0000207c       0x30 c:/program files (x86)/gnu tools arm embedded/6 2017-q1-update/bin/../lib/gcc/arm-none-eabi/6.3.1/../../../../arm-none-eabi/lib/thumb/v7e-m/fpv4-sp/hard\libg_nano.a(lib_a-printf.o)
                0x0000207c                iprintf
                0x0000207c                printf
 .text._puts_r  0x000020ac       0xb8 c:/program files (x86)/gnu tools arm embedded/6 2017-q1-update/bin/../lib/gcc/arm-none-eabi/6.3.1/../../../../arm-none-eabi/lib/thumb/v7e-m/fpv4-sp/hard\libg_nano.a(lib_a-puts.o)
                0x000020ac                _puts_r
 .text.puts     0x00002164       0x10 c:/program files (x86)/gnu tools arm embedded/6 2017-q1-update/bin/../lib/gcc/arm-none-eabi/6.3.1/../../../../arm-none-eabi/lib/thumb/v7e-m/fpv4-sp/hard\libg_nano.a(lib_a-puts.o)
                0x00002164                puts
 .text.sprintf  0x00002174       0x48 c:/program files (x86)/gnu tools arm embedded/6 2017-q1-update/bin/../lib/gcc/arm-none-eabi/6.3.1/../../../../arm-none-eabi/lib/thumb/v7e-m/fpv4-sp/hard\libg_nano.a(lib_a-sprintf.o)
                0x00002174                siprintf
                0x00002174                sprintf
 .text          0x000021bc       0x10 c:/program files (x86)/gnu tools arm embedded/6 2017-q1-update/bin/../lib/gcc/arm-none-eabi/6.3.1/../../../../arm-none-eabi/lib/thumb/v7e-m/fpv4-sp/hard\libg_nano.a(lib_a-strlen.o)
                0x000021bc                strlen
 .text.__swbuf_r
                0x000021cc       0xa4 c:/program files (x86)/gnu tools arm embedded/6 2017-q1-update/bin/../lib/gcc/arm-none-eabi/6.3.1/../../../../arm-none-eabi/lib/thumb/v7e-m/fpv4-sp/hard\libg_nano.a(lib_a-wbuf.o)
                0x000021cc                __swbuf_r
 .text.__swsetup_r
                0x00002270       0xdc c:/program files (x86)/gnu tools arm embedded/6 2017-q1-update/bin/../lib/gcc/arm-none-eabi/6.3.1/../../../../arm-none-eabi/lib/thumb/v7e-m/fpv4-sp/hard\libg_nano.a(lib_a-wsetup.o)
                0x00002270                __swsetup_r
 .text.quorem   0x0000234c      0x118 c:/program files (x86)/gnu tools arm embedded/6 2017-q1-update/bin/../lib/gcc/arm-none-eabi/6.3.1/../../../../arm-none-eabi/lib/thumb/v7e-m/fpv4-sp/hard\libg_nano.a(lib_a-dtoa.o)
 *fill*         0x00002464        0x4 
 .text._dtoa_r  0x00002468      0xb9c c:/program files (x86)/gnu tools arm embedded/6 2017-q1-update/bin/../lib/gcc/arm-none-eabi/6.3.1/../../../../arm-none-eabi/lib/thumb/v7e-m/fpv4-sp/hard\libg_nano.a(lib_a-dtoa.o)
                0x00002468                _dtoa_r
 .text.__sflush_r
                0x00003004      0x110 c:/program files (x86)/gnu tools arm embedded/6 2017-q1-update/bin/../lib/gcc/arm-none-eabi/6.3.1/../../../../arm-none-eabi/lib/thumb/v7e-m/fpv4-sp/hard\libg_nano.a(lib_a-fflush.o)
                0x00003004                __sflush_r
 .text._fflush_r
                0x00003114       0x54 c:/program files (x86)/gnu tools arm embedded/6 2017-q1-update/bin/../lib/gcc/arm-none-eabi/6.3.1/../../../../arm-none-eabi/lib/thumb/v7e-m/fpv4-sp/hard\libg_nano.a(lib_a-fflush.o)
                0x00003114                _fflush_r
 .text._cleanup_r
                0x00003168        0xc c:/program files (x86)/gnu tools arm embedded/6 2017-q1-update/bin/../lib/gcc/arm-none-eabi/6.3.1/../../../../arm-none-eabi/lib/thumb/v7e-m/fpv4-sp/hard\libg_nano.a(lib_a-findfp.o)
                0x00003168                _cleanup_r
 .text.std.isra.0
                0x00003174       0x48 c:/program files (x86)/gnu tools arm embedded/6 2017-q1-update/bin/../lib/gcc/arm-none-eabi/6.3.1/../../../../arm-none-eabi/lib/thumb/v7e-m/fpv4-sp/hard\libg_nano.a(lib_a-findfp.o)
 .text.__sfmoreglue
                0x000031bc       0x2c c:/program files (x86)/gnu tools arm embedded/6 2017-q1-update/bin/../lib/gcc/arm-none-eabi/6.3.1/../../../../arm-none-eabi/lib/thumb/v7e-m/fpv4-sp/hard\libg_nano.a(lib_a-findfp.o)
                0x000031bc                __sfmoreglue
 .text.__sinit  0x000031e8       0x60 c:/program files (x86)/gnu tools arm embedded/6 2017-q1-update/bin/../lib/gcc/arm-none-eabi/6.3.1/../../../../arm-none-eabi/lib/thumb/v7e-m/fpv4-sp/hard\libg_nano.a(lib_a-findfp.o)
                0x000031e8                __sinit
 .text.__sfp    0x00003248       0x78 c:/program files (x86)/gnu tools arm embedded/6 2017-q1-update/bin/../lib/gcc/arm-none-eabi/6.3.1/../../../../arm-none-eabi/lib/thumb/v7e-m/fpv4-sp/hard\libg_nano.a(lib_a-findfp.o)
                0x00003248                __sfp
 .text._fwalk_reent
                0x000032c0       0x3c c:/program files (x86)/gnu tools arm embedded/6 2017-q1-update/bin/../lib/gcc/arm-none-eabi/6.3.1/../../../../arm-none-eabi/lib/thumb/v7e-m/fpv4-sp/hard\libg_nano.a(lib_a-fwalk.o)
                0x000032c0                _fwalk_reent
 .text._localeconv_r
                0x000032fc       0x1c c:/program files (x86)/gnu tools arm embedded/6 2017-q1-update/bin/../lib/gcc/arm-none-eabi/6.3.1/../../../../arm-none-eabi/lib/thumb/v7e-m/fpv4-sp/hard\libg_nano.a(lib_a-localeconv.o)
                0x000032fc                _localeconv_r
 .text.__swhatbuf_r
                0x00003318       0x48 c:/program files (x86)/gnu tools arm embedded/6 2017-q1-update/bin/../lib/gcc/arm-none-eabi/6.3.1/../../../../arm-none-eabi/lib/thumb/v7e-m/fpv4-sp/hard\libg_nano.a(lib_a-makebuf.o)
                0x00003318                __swhatbuf_r
 .text.__smakebuf_r
                0x00003360       0x80 c:/program files (x86)/gnu tools arm embedded/6 2017-q1-update/bin/../lib/gcc/arm-none-eabi/6.3.1/../../../../arm-none-eabi/lib/thumb/v7e-m/fpv4-sp/hard\libg_nano.a(lib_a-makebuf.o)
                0x00003360                __smakebuf_r
 .text.malloc   0x000033e0       0x10 c:/program files (x86)/gnu tools arm embedded/6 2017-q1-update/bin/../lib/gcc/arm-none-eabi/6.3.1/../../../../arm-none-eabi/lib/thumb/v7e-m/fpv4-sp/hard\libg_nano.a(lib_a-malloc.o)
                0x000033e0                malloc
 .text          0x000033f0       0xa0 c:/program files (x86)/gnu tools arm embedded/6 2017-q1-update/bin/../lib/gcc/arm-none-eabi/6.3.1/../../../../arm-none-eabi/lib/thumb/v7e-m/fpv4-sp/hard\libg_nano.a(lib_a-memchr.o)
                0x000033f0                memchr
 .text._Balloc  0x00003490       0x68 c:/program files (x86)/gnu tools arm embedded/6 2017-q1-update/bin/../lib/gcc/arm-none-eabi/6.3.1/../../../../arm-none-eabi/lib/thumb/v7e-m/fpv4-sp/hard\libg_nano.a(lib_a-mprec.o)
                0x00003490                _Balloc
 .text._Bfree   0x000034f8       0x2e c:/program files (x86)/gnu tools arm embedded/6 2017-q1-update/bin/../lib/gcc/arm-none-eabi/6.3.1/../../../../arm-none-eabi/lib/thumb/v7e-m/fpv4-sp/hard\libg_nano.a(lib_a-mprec.o)
                0x000034f8                _Bfree
 .text.__multadd
                0x00003526       0x76 c:/program files (x86)/gnu tools arm embedded/6 2017-q1-update/bin/../lib/gcc/arm-none-eabi/6.3.1/../../../../arm-none-eabi/lib/thumb/v7e-m/fpv4-sp/hard\libg_nano.a(lib_a-mprec.o)
                0x00003526                __multadd
 .text.__hi0bits
                0x0000359c       0x3e c:/program files (x86)/gnu tools arm embedded/6 2017-q1-update/bin/../lib/gcc/arm-none-eabi/6.3.1/../../../../arm-none-eabi/lib/thumb/v7e-m/fpv4-sp/hard\libg_nano.a(lib_a-mprec.o)
                0x0000359c                __hi0bits
 .text.__lo0bits
                0x000035da       0x5e c:/program files (x86)/gnu tools arm embedded/6 2017-q1-update/bin/../lib/gcc/arm-none-eabi/6.3.1/../../../../arm-none-eabi/lib/thumb/v7e-m/fpv4-sp/hard\libg_nano.a(lib_a-mprec.o)
                0x000035da                __lo0bits
 .text.__i2b    0x00003638       0x12 c:/program files (x86)/gnu tools arm embedded/6 2017-q1-update/bin/../lib/gcc/arm-none-eabi/6.3.1/../../../../arm-none-eabi/lib/thumb/v7e-m/fpv4-sp/hard\libg_nano.a(lib_a-mprec.o)
                0x00003638                __i2b
 .text.__multiply
                0x0000364a      0x11a c:/program files (x86)/gnu tools arm embedded/6 2017-q1-update/bin/../lib/gcc/arm-none-eabi/6.3.1/../../../../arm-none-eabi/lib/thumb/v7e-m/fpv4-sp/hard\libg_nano.a(lib_a-mprec.o)
                0x0000364a                __multiply
 .text.__pow5mult
                0x00003764       0x9c c:/program files (x86)/gnu tools arm embedded/6 2017-q1-update/bin/../lib/gcc/arm-none-eabi/6.3.1/../../../../arm-none-eabi/lib/thumb/v7e-m/fpv4-sp/hard\libg_nano.a(lib_a-mprec.o)
                0x00003764                __pow5mult
 .text.__lshift
                0x00003800       0xa2 c:/program files (x86)/gnu tools arm embedded/6 2017-q1-update/bin/../lib/gcc/arm-none-eabi/6.3.1/../../../../arm-none-eabi/lib/thumb/v7e-m/fpv4-sp/hard\libg_nano.a(lib_a-mprec.o)
                0x00003800                __lshift
 .text.__mcmp   0x000038a2       0x34 c:/program files (x86)/gnu tools arm embedded/6 2017-q1-update/bin/../lib/gcc/arm-none-eabi/6.3.1/../../../../arm-none-eabi/lib/thumb/v7e-m/fpv4-sp/hard\libg_nano.a(lib_a-mprec.o)
                0x000038a2                __mcmp
 .text.__mdiff  0x000038d6       0xbc c:/program files (x86)/gnu tools arm embedded/6 2017-q1-update/bin/../lib/gcc/arm-none-eabi/6.3.1/../../../../arm-none-eabi/lib/thumb/v7e-m/fpv4-sp/hard\libg_nano.a(lib_a-mprec.o)
                0x000038d6                __mdiff
 .text.__d2b    0x00003992       0x9e c:/program files (x86)/gnu tools arm embedded/6 2017-q1-update/bin/../lib/gcc/arm-none-eabi/6.3.1/../../../../arm-none-eabi/lib/thumb/v7e-m/fpv4-sp/hard\libg_nano.a(lib_a-mprec.o)
                0x00003992                __d2b
 .text._calloc_r
                0x00003a30       0x1c c:/program files (x86)/gnu tools arm embedded/6 2017-q1-update/bin/../lib/gcc/arm-none-eabi/6.3.1/../../../../arm-none-eabi/lib/thumb/v7e-m/fpv4-sp/hard\libg_nano.a(lib_a-nano-callocr.o)
                0x00003a30                _calloc_r
 .text._free_r  0x00003a4c       0x9c c:/program files (x86)/gnu tools arm embedded/6 2017-q1-update/bin/../lib/gcc/arm-none-eabi/6.3.1/../../../../arm-none-eabi/lib/thumb/v7e-m/fpv4-sp/hard\libg_nano.a(lib_a-nano-freer.o)
                0x00003a4c                _free_r
 .text._malloc_r
                0x00003ae8       0xbc c:/program files (x86)/gnu tools arm embedded/6 2017-q1-update/bin/../lib/gcc/arm-none-eabi/6.3.1/../../../../arm-none-eabi/lib/thumb/v7e-m/fpv4-sp/hard\libg_nano.a(lib_a-nano-mallocr.o)
                0x00003ae8                _malloc_r
 .text.__ssputs_r
                0x00003ba4       0xb6 c:/program files (x86)/gnu tools arm embedded/6 2017-q1-update/bin/../lib/gcc/arm-none-eabi/6.3.1/../../../../arm-none-eabi/lib/thumb/v7e-m/fpv4-sp/hard\libg_nano.a(lib_a-nano-svfprintf.o)
                0x00003ba4                __ssputs_r
 *fill*         0x00003c5a        0x2 
 .text._svfprintf_r
                0x00003c5c      0x1e8 c:/program files (x86)/gnu tools arm embedded/6 2017-q1-update/bin/../lib/gcc/arm-none-eabi/6.3.1/../../../../arm-none-eabi/lib/thumb/v7e-m/fpv4-sp/hard\libg_nano.a(lib_a-nano-svfprintf.o)
                0x00003c5c                _svfiprintf_r
                0x00003c5c                _svfprintf_r
 .text.__sfputc_r
                0x00003e44       0x30 c:/program files (x86)/gnu tools arm embedded/6 2017-q1-update/bin/../lib/gcc/arm-none-eabi/6.3.1/../../../../arm-none-eabi/lib/thumb/v7e-m/fpv4-sp/hard\libg_nano.a(lib_a-nano-vfprintf.o)
 .text.__sfputs_r
                0x00003e74       0x24 c:/program files (x86)/gnu tools arm embedded/6 2017-q1-update/bin/../lib/gcc/arm-none-eabi/6.3.1/../../../../arm-none-eabi/lib/thumb/v7e-m/fpv4-sp/hard\libg_nano.a(lib_a-nano-vfprintf.o)
                0x00003e74                __sfputs_r
 .text._vfprintf_r
                0x00003e98      0x22c c:/program files (x86)/gnu tools arm embedded/6 2017-q1-update/bin/../lib/gcc/arm-none-eabi/6.3.1/../../../../arm-none-eabi/lib/thumb/v7e-m/fpv4-sp/hard\libg_nano.a(lib_a-nano-vfprintf.o)
                0x00003e98                _vfprintf_r
                0x00003e98                _vfiprintf_r
 .text._sbrk_r  0x000040c4       0x20 c:/program files (x86)/gnu tools arm embedded/6 2017-q1-update/bin/../lib/gcc/arm-none-eabi/6.3.1/../../../../arm-none-eabi/lib/thumb/v7e-m/fpv4-sp/hard\libg_nano.a(lib_a-sbrkr.o)
                0x000040c4                _sbrk_r
 .text.__sread  0x000040e4       0x22 c:/program files (x86)/gnu tools arm embedded/6 2017-q1-update/bin/../lib/gcc/arm-none-eabi/6.3.1/../../../../arm-none-eabi/lib/thumb/v7e-m/fpv4-sp/hard\libg_nano.a(lib_a-stdio.o)
                0x000040e4                __sread
 .text.__swrite
                0x00004106       0x38 c:/program files (x86)/gnu tools arm embedded/6 2017-q1-update/bin/../lib/gcc/arm-none-eabi/6.3.1/../../../../arm-none-eabi/lib/thumb/v7e-m/fpv4-sp/hard\libg_nano.a(lib_a-stdio.o)
                0x00004106                __swrite
 .text.__sseek  0x0000413e       0x24 c:/program files (x86)/gnu tools arm embedded/6 2017-q1-update/bin/../lib/gcc/arm-none-eabi/6.3.1/../../../../arm-none-eabi/lib/thumb/v7e-m/fpv4-sp/hard\libg_nano.a(lib_a-stdio.o)
                0x0000413e                __sseek
 .text.__sclose
                0x00004162        0x8 c:/program files (x86)/gnu tools arm embedded/6 2017-q1-update/bin/../lib/gcc/arm-none-eabi/6.3.1/../../../../arm-none-eabi/lib/thumb/v7e-m/fpv4-sp/hard\libg_nano.a(lib_a-stdio.o)
                0x00004162                __sclose
 *fill*         0x0000416a        0x2 
 .text._write_r
                0x0000416c       0x24 c:/program files (x86)/gnu tools arm embedded/6 2017-q1-update/bin/../lib/gcc/arm-none-eabi/6.3.1/../../../../arm-none-eabi/lib/thumb/v7e-m/fpv4-sp/hard\libg_nano.a(lib_a-writer.o)
                0x0000416c                _write_r
 .text._close_r
                0x00004190       0x20 c:/program files (x86)/gnu tools arm embedded/6 2017-q1-update/bin/../lib/gcc/arm-none-eabi/6.3.1/../../../../arm-none-eabi/lib/thumb/v7e-m/fpv4-sp/hard\libg_nano.a(lib_a-closer.o)
                0x00004190                _close_r
 .text._fstat_r
                0x000041b0       0x24 c:/program files (x86)/gnu tools arm embedded/6 2017-q1-update/bin/../lib/gcc/arm-none-eabi/6.3.1/../../../../arm-none-eabi/lib/thumb/v7e-m/fpv4-sp/hard\libg_nano.a(lib_a-fstatr.o)
                0x000041b0                _fstat_r
 .text._isatty_r
                0x000041d4       0x20 c:/program files (x86)/gnu tools arm embedded/6 2017-q1-update/bin/../lib/gcc/arm-none-eabi/6.3.1/../../../../arm-none-eabi/lib/thumb/v7e-m/fpv4-sp/hard\libg_nano.a(lib_a-isattyr.o)
                0x000041d4                _isatty_r
 .text._lseek_r
                0x000041f4       0x24 c:/program files (x86)/gnu tools arm embedded/6 2017-q1-update/bin/../lib/gcc/arm-none-eabi/6.3.1/../../../../arm-none-eabi/lib/thumb/v7e-m/fpv4-sp/hard\libg_nano.a(lib_a-lseekr.o)
                0x000041f4                _lseek_r
 .text.__ascii_mbtowc
                0x00004218       0x24 c:/program files (x86)/gnu tools arm embedded/6 2017-q1-update/bin/../lib/gcc/arm-none-eabi/6.3.1/../../../../arm-none-eabi/lib/thumb/v7e-m/fpv4-sp/hard\libg_nano.a(lib_a-mbtowc_r.o)
                0x00004218                __ascii_mbtowc
 .text.memmove  0x0000423c       0x34 c:/program files (x86)/gnu tools arm embedded/6 2017-q1-update/bin/../lib/gcc/arm-none-eabi/6.3.1/../../../../arm-none-eabi/lib/thumb/v7e-m/fpv4-sp/hard\libg_nano.a(lib_a-memmove.o)
                0x0000423c                memmove
 .text.__malloc_lock
                0x00004270        0x2 c:/program files (x86)/gnu tools arm embedded/6 2017-q1-update/bin/../lib/gcc/arm-none-eabi/6.3.1/../../../../arm-none-eabi/lib/thumb/v7e-m/fpv4-sp/hard\libg_nano.a(lib_a-mlock.o)
                0x00004270                __malloc_lock
 .text.__malloc_unlock
                0x00004272        0x2 c:/program files (x86)/gnu tools arm embedded/6 2017-q1-update/bin/../lib/gcc/arm-none-eabi/6.3.1/../../../../arm-none-eabi/lib/thumb/v7e-m/fpv4-sp/hard\libg_nano.a(lib_a-mlock.o)
                0x00004272                __malloc_unlock
 .text._realloc_r
                0x00004274       0x4c c:/program files (x86)/gnu tools arm embedded/6 2017-q1-update/bin/../lib/gcc/arm-none-eabi/6.3.1/../../../../arm-none-eabi/lib/thumb/v7e-m/fpv4-sp/hard\libg_nano.a(lib_a-nano-reallocr.o)
                0x00004274                _realloc_r
 .text._read_r  0x000042c0       0x24 c:/program files (x86)/gnu tools arm embedded/6 2017-q1-update/bin/../lib/gcc/arm-none-eabi/6.3.1/../../../../arm-none-eabi/lib/thumb/v7e-m/fpv4-sp/hard\libg_nano.a(lib_a-readr.o)
                0x000042c0                _read_r
 .text.__ascii_wctomb
                0x000042e4       0x1a c:/program files (x86)/gnu tools arm embedded/6 2017-q1-update/bin/../lib/gcc/arm-none-eabi/6.3.1/../../../../arm-none-eabi/lib/thumb/v7e-m/fpv4-sp/hard\libg_nano.a(lib_a-wctomb_r.o)
                0x000042e4                __ascii_wctomb
 .text._malloc_usable_size_r
                0x000042fe       0x12 c:/program files (x86)/gnu tools arm embedded/6 2017-q1-update/bin/../lib/gcc/arm-none-eabi/6.3.1/../../../../arm-none-eabi/lib/thumb/v7e-m/fpv4-sp/hard\libg_nano.a(lib_a-nano-msizer.o)
                0x000042fe                _malloc_usable_size_r
 .text          0x00004310      0x110 c:/program files (x86)/gnu tools arm embedded/6 2017-q1-update/bin/../lib/gcc/arm-none-eabi/6.3.1/thumb/v7e-m/fpv4-sp/hard\libgcc.a(_arm_cmpdf2.o)
                0x00004310                __gtdf2
                0x00004310                __gedf2
                0x00004318                __ltdf2
                0x00004318                __ledf2
                0x00004320                __nedf2
                0x00004320                __eqdf2
                0x00004320                __cmpdf2
                0x0000439c                __aeabi_cdrcmple
                0x000043ac                __aeabi_cdcmpeq
                0x000043ac                __aeabi_cdcmple
                0x000043bc                __aeabi_dcmpeq
                0x000043d0                __aeabi_dcmplt
                0x000043e4                __aeabi_dcmple
                0x000043f8                __aeabi_dcmpge
                0x0000440c                __aeabi_dcmpgt
 .text          0x00004420       0x2c c:/program files (x86)/gnu tools arm embedded/6 2017-q1-update/bin/../lib/gcc/arm-none-eabi/6.3.1/thumb/v7e-m/fpv4-sp/hard\libgcc.a(_arm_unorddf2.o)
                0x00004420                __unorddf2
                0x00004420                __aeabi_dcmpun
 .text          0x0000444c       0x50 c:/program files (x86)/gnu tools arm embedded/6 2017-q1-update/bin/../lib/gcc/arm-none-eabi/6.3.1/thumb/v7e-m/fpv4-sp/hard\libgcc.a(_arm_fixdfsi.o)
                0x0000444c                __aeabi_d2iz
                0x0000444c                __fixdfsi
 .text._sbrk    0x0000449c       0x1c c:/program files (x86)/gnu tools arm embedded/6 2017-q1-update/bin/../lib/gcc/arm-none-eabi/6.3.1/../../../../arm-none-eabi/lib/thumb/v7e-m/fpv4-sp/hard\libnosys.a(sbrk.o)
                0x0000449c                _sbrk
 .text._exit    0x000044b8        0x4 c:/program files (x86)/gnu tools arm embedded/6 2017-q1-update/bin/../lib/gcc/arm-none-eabi/6.3.1/../../../../arm-none-eabi/lib/thumb/v7e-m/fpv4-sp/hard\libnosys.a(_exit.o)
                0x000044b8                _exit
 *(.init)
 .init          0x000044bc        0x4 c:/program files (x86)/gnu tools arm embedded/6 2017-q1-update/bin/../lib/gcc/arm-none-eabi/6.3.1/thumb/v7e-m/fpv4-sp/hard/crti.o
                0x000044bc                _init
 .init          0x000044c0        0x8 c:/program files (x86)/gnu tools arm embedded/6 2017-q1-update/bin/../lib/gcc/arm-none-eabi/6.3.1/thumb/v7e-m/fpv4-sp/hard/crtn.o
 *(.fini)
 .fini          0x000044c8        0x4 c:/program files (x86)/gnu tools arm embedded/6 2017-q1-update/bin/../lib/gcc/arm-none-eabi/6.3.1/thumb/v7e-m/fpv4-sp/hard/crti.o
                0x000044c8                _fini
 .fini          0x000044cc        0x8 c:/program files (x86)/gnu tools arm embedded/6 2017-q1-update/bin/../lib/gcc/arm-none-eabi/6.3.1/thumb/v7e-m/fpv4-sp/hard/crtn.o
 *crtbegin.o(.ctors)
 *crtbegin?.o(.ctors)
 *(EXCLUDE_FILE(*crtend.o *crtend?.o) .ctors)
 *(SORT(.ctors.*))
 *(.ctors)
 *crtbegin.o(.dtors)
 *crtbegin?.o(.dtors)
 *(EXCLUDE_FILE(*crtend.o *crtend?.o) .dtors)
 *(SORT(.dtors.*))
 *(.dtors)
 *(.rodata*)
 .rodata.PDMA_IRQHandler.str1.4
                0x000044d4       0x68 ./User/interrupt.o
 .rodata.clear_screen_str.10944
                0x0000453c        0x5 ./User/main.o
 *fill*         0x00004541        0x3 
 .rodata.main.str1.4
                0x00004544       0x48 ./User/main.o
 .rodata.new_frame_and_header_str.10946
                0x0000458c       0x33 ./User/main.o
 *fill*         0x000045bf        0x1 
 .rodata.string.10941
                0x000045c0       0x19 ./User/main.o
 *fill*         0x000045d9        0x3 
 .rodata.string2.10942
                0x000045dc       0x28 ./User/main.o
 .rodata.string3.10943
                0x00004604       0x2a ./User/main.o
 *fill*         0x0000462e        0x2 
 .rodata.init_str.10949
                0x00004630       0x24 ./User/user_sys.o
 .rodata.push_UART1.str1.4
                0x00004654       0x27 ./User/user_sys.o
 *fill*         0x0000467b        0x1 
 .rodata        0x0000467c       0x24 ./Library/StdDriver/src/clk.o
 .rodata.Hard_Fault_Handler.str1.4
                0x000046a0       0x16 ./Library/StdDriver/src/retarget.o
 *fill*         0x000046b6        0x2 
 .rodata.stackDump.str1.4
                0x000046b8       0x60 ./Library/StdDriver/src/retarget.o
 .rodata        0x00004718       0x10 ./Library/StdDriver/src/uart.o
 .rodata._global_impure_ptr
                0x00004728        0x4 c:/program files (x86)/gnu tools arm embedded/6 2017-q1-update/bin/../lib/gcc/arm-none-eabi/6.3.1/../../../../arm-none-eabi/lib/thumb/v7e-m/fpv4-sp/hard\libg_nano.a(lib_a-impure.o)
                0x00004728                _global_impure_ptr
 .rodata._printf_float.str1.1
                0x0000472c       0x12 c:/program files (x86)/gnu tools arm embedded/6 2017-q1-update/bin/../lib/gcc/arm-none-eabi/6.3.1/../../../../arm-none-eabi/lib/thumb/v7e-m/fpv4-sp/hard\libg_nano.a(lib_a-nano-vfprintf_float.o)
 .rodata._printf_i.str1.1
                0x0000473e       0x22 c:/program files (x86)/gnu tools arm embedded/6 2017-q1-update/bin/../lib/gcc/arm-none-eabi/6.3.1/../../../../arm-none-eabi/lib/thumb/v7e-m/fpv4-sp/hard\libg_nano.a(lib_a-nano-vfprintf_i.o)
 .rodata._dtoa_r.str1.1
                0x00004760        0xd c:/program files (x86)/gnu tools arm embedded/6 2017-q1-update/bin/../lib/gcc/arm-none-eabi/6.3.1/../../../../arm-none-eabi/lib/thumb/v7e-m/fpv4-sp/hard\libg_nano.a(lib_a-dtoa.o)
                                  0xf (size before relaxing)
 *fill*         0x0000476d        0x3 
 .rodata.__sf_fake_stderr
                0x00004770       0x20 c:/program files (x86)/gnu tools arm embedded/6 2017-q1-update/bin/../lib/gcc/arm-none-eabi/6.3.1/../../../../arm-none-eabi/lib/thumb/v7e-m/fpv4-sp/hard\libg_nano.a(lib_a-findfp.o)
                0x00004770                __sf_fake_stderr
 .rodata.__sf_fake_stdin
                0x00004790       0x20 c:/program files (x86)/gnu tools arm embedded/6 2017-q1-update/bin/../lib/gcc/arm-none-eabi/6.3.1/../../../../arm-none-eabi/lib/thumb/v7e-m/fpv4-sp/hard\libg_nano.a(lib_a-findfp.o)
                0x00004790                __sf_fake_stdin
 .rodata.__sf_fake_stdout
                0x000047b0       0x20 c:/program files (x86)/gnu tools arm embedded/6 2017-q1-update/bin/../lib/gcc/arm-none-eabi/6.3.1/../../../../arm-none-eabi/lib/thumb/v7e-m/fpv4-sp/hard\libg_nano.a(lib_a-findfp.o)
                0x000047b0                __sf_fake_stdout
 .rodata.__mprec_bigtens
                0x000047d0       0x28 c:/program files (x86)/gnu tools arm embedded/6 2017-q1-update/bin/../lib/gcc/arm-none-eabi/6.3.1/../../../../arm-none-eabi/lib/thumb/v7e-m/fpv4-sp/hard\libg_nano.a(lib_a-mprec.o)
                0x000047d0                __mprec_bigtens
 .rodata.__mprec_tens
                0x000047f8       0xc8 c:/program files (x86)/gnu tools arm embedded/6 2017-q1-update/bin/../lib/gcc/arm-none-eabi/6.3.1/../../../../arm-none-eabi/lib/thumb/v7e-m/fpv4-sp/hard\libg_nano.a(lib_a-mprec.o)
                0x000047f8                __mprec_tens
 .rodata.p05.7175
                0x000048c0        0xc c:/program files (x86)/gnu tools arm embedded/6 2017-q1-update/bin/../lib/gcc/arm-none-eabi/6.3.1/../../../../arm-none-eabi/lib/thumb/v7e-m/fpv4-sp/hard\libg_nano.a(lib_a-mprec.o)
 .rodata._svfprintf_r.str1.1
                0x000048cc       0x11 c:/program files (x86)/gnu tools arm embedded/6 2017-q1-update/bin/../lib/gcc/arm-none-eabi/6.3.1/../../../../arm-none-eabi/lib/thumb/v7e-m/fpv4-sp/hard\libg_nano.a(lib_a-nano-svfprintf.o)
 .rodata._vfprintf_r.str1.1
                0x000048dd       0x11 c:/program files (x86)/gnu tools arm embedded/6 2017-q1-update/bin/../lib/gcc/arm-none-eabi/6.3.1/../../../../arm-none-eabi/lib/thumb/v7e-m/fpv4-sp/hard\libg_nano.a(lib_a-nano-vfprintf.o)
 .rodata._setlocale_r.str1.1
                0x000048dd        0x8 c:/program files (x86)/gnu tools arm embedded/6 2017-q1-update/bin/../lib/gcc/arm-none-eabi/6.3.1/../../../../arm-none-eabi/lib/thumb/v7e-m/fpv4-sp/hard\libg_nano.a(lib_a-locale.o)
                                  0x9 (size before relaxing)
 .rodata.str1.1
                0x000048e5        0x2 c:/program files (x86)/gnu tools arm embedded/6 2017-q1-update/bin/../lib/gcc/arm-none-eabi/6.3.1/../../../../arm-none-eabi/lib/thumb/v7e-m/fpv4-sp/hard\libg_nano.a(lib_a-locale.o)
 .rodata._ctype_
                0x000048e7      0x101 c:/program files (x86)/gnu tools arm embedded/6 2017-q1-update/bin/../lib/gcc/arm-none-eabi/6.3.1/../../../../arm-none-eabi/lib/thumb/v7e-m/fpv4-sp/hard\libg_nano.a(lib_a-ctype_.o)
                0x000048e7                _ctype_
 *(.eh_frame*)
 .eh_frame      0x000049e8        0x0 c:/program files (x86)/gnu tools arm embedded/6 2017-q1-update/bin/../lib/gcc/arm-none-eabi/6.3.1/thumb/v7e-m/fpv4-sp/hard/crtbegin.o
 .eh_frame      0x000049e8        0x4 c:/program files (x86)/gnu tools arm embedded/6 2017-q1-update/bin/../lib/gcc/arm-none-eabi/6.3.1/thumb/v7e-m/fpv4-sp/hard/crtend.o

.glue_7         0x000049ec        0x0
 .glue_7        0x000049ec        0x0 linker stubs

.glue_7t        0x000049ec        0x0
 .glue_7t       0x000049ec        0x0 linker stubs

.vfp11_veneer   0x000049ec        0x0
 .vfp11_veneer  0x000049ec        0x0 linker stubs

.v4_bx          0x000049ec        0x0
 .v4_bx         0x000049ec        0x0 linker stubs

.iplt           0x000049ec        0x0
 .iplt          0x000049ec        0x0 c:/program files (x86)/gnu tools arm embedded/6 2017-q1-update/bin/../lib/gcc/arm-none-eabi/6.3.1/thumb/v7e-m/fpv4-sp/hard/crtbegin.o

.ARM.extab
 *(.ARM.extab* .gnu.linkonce.armextab.*)
                0x000049ec                __exidx_start = .

.ARM.exidx      0x000049ec        0x8
 *(.ARM.exidx* .gnu.linkonce.armexidx.*)
 .ARM.exidx     0x000049ec        0x8 c:/program files (x86)/gnu tools arm embedded/6 2017-q1-update/bin/../lib/gcc/arm-none-eabi/6.3.1/../../../../arm-none-eabi/lib/thumb/v7e-m/fpv4-sp/hard/crt0.o
                0x000049f4                __exidx_end = .
                0x000049f4                __etext = .

.rel.dyn        0x000049f4        0x0
 .rel.iplt      0x000049f4        0x0 c:/program files (x86)/gnu tools arm embedded/6 2017-q1-update/bin/../lib/gcc/arm-none-eabi/6.3.1/thumb/v7e-m/fpv4-sp/hard/crtbegin.o

.data           0x20000000      0x210 load address 0x000049f4
                0x20000000                __data_start__ = .
 *(vtable)
 *(.data*)
 .data.colour_default.10949
                0x20000000        0x8 ./User/main.o
 .data.CyclesPerUs
                0x20000008        0x4 ./CMSIS/system_M480.o
                0x20000008                CyclesPerUs
 .data.PllClock
                0x2000000c        0x4 ./CMSIS/system_M480.o
                0x2000000c                PllClock
 .data.SystemCoreClock
                0x20000010        0x4 ./CMSIS/system_M480.o
                0x20000010                SystemCoreClock
 .data.gau32ClkSrcTbl
                0x20000014       0x20 ./CMSIS/system_M480.o
                0x20000014                gau32ClkSrcTbl
 .data._impure_ptr
                0x20000034        0x4 c:/program files (x86)/gnu tools arm embedded/6 2017-q1-update/bin/../lib/gcc/arm-none-eabi/6.3.1/../../../../arm-none-eabi/lib/thumb/v7e-m/fpv4-sp/hard\libg_nano.a(lib_a-impure.o)
                0x20000034                _impure_ptr
 .data.impure_data
                0x20000038       0x60 c:/program files (x86)/gnu tools arm embedded/6 2017-q1-update/bin/../lib/gcc/arm-none-eabi/6.3.1/../../../../arm-none-eabi/lib/thumb/v7e-m/fpv4-sp/hard\libg_nano.a(lib_a-impure.o)
 .data.__global_locale
                0x20000098      0x16c c:/program files (x86)/gnu tools arm embedded/6 2017-q1-update/bin/../lib/gcc/arm-none-eabi/6.3.1/../../../../arm-none-eabi/lib/thumb/v7e-m/fpv4-sp/hard\libg_nano.a(lib_a-locale.o)
                0x20000098                __global_locale
                0x20000204                . = ALIGN (0x4)
                0x20000204                PROVIDE (__preinit_array_start, .)
 *(.preinit_array)
                0x20000204                PROVIDE (__preinit_array_end, .)
                0x20000204                . = ALIGN (0x4)
                0x20000204                PROVIDE (__init_array_start, .)
 *(SORT(.init_array.*))
 *(.init_array)
 .init_array    0x20000204        0x4 c:/program files (x86)/gnu tools arm embedded/6 2017-q1-update/bin/../lib/gcc/arm-none-eabi/6.3.1/thumb/v7e-m/fpv4-sp/hard/crtbegin.o
                0x20000208                PROVIDE (__init_array_end, .)
                0x20000208                . = ALIGN (0x4)
                [!provide]                PROVIDE (__fini_array_start, .)
 *(SORT(.fini_array.*))
 *(.fini_array)
 .fini_array    0x20000208        0x4 c:/program files (x86)/gnu tools arm embedded/6 2017-q1-update/bin/../lib/gcc/arm-none-eabi/6.3.1/thumb/v7e-m/fpv4-sp/hard/crtbegin.o
                [!provide]                PROVIDE (__fini_array_end, .)
 *(.jcr*)
 .jcr           0x2000020c        0x0 c:/program files (x86)/gnu tools arm embedded/6 2017-q1-update/bin/../lib/gcc/arm-none-eabi/6.3.1/thumb/v7e-m/fpv4-sp/hard/crtbegin.o
 .jcr           0x2000020c        0x4 c:/program files (x86)/gnu tools arm embedded/6 2017-q1-update/bin/../lib/gcc/arm-none-eabi/6.3.1/thumb/v7e-m/fpv4-sp/hard/crtend.o
                0x20000210                . = ALIGN (0x4)
                0x20000210                __data_end__ = .

.igot.plt       0x20000210        0x0 load address 0x00004c04
 .igot.plt      0x20000210        0x0 c:/program files (x86)/gnu tools arm embedded/6 2017-q1-update/bin/../lib/gcc/arm-none-eabi/6.3.1/thumb/v7e-m/fpv4-sp/hard/crtbegin.o

.bss            0x20000210      0x170 load address 0x00004c08
                0x20000210                . = ALIGN (0x4)
                0x20000210                __bss_start__ = .
 *(.bss*)
 .bss           0x20000210       0x1c c:/program files (x86)/gnu tools arm embedded/6 2017-q1-update/bin/../lib/gcc/arm-none-eabi/6.3.1/thumb/v7e-m/fpv4-sp/hard/crtbegin.o
 .bss.UI_new_frame_tick
                0x2000022c        0x1 ./User/main.o
                0x2000022c                UI_new_frame_tick
 *fill*         0x2000022d        0x1 
 .bss.UI_refresh_counter.10935
                0x2000022e        0x2 ./User/main.o
 .bss.colour.10948
                0x20000230        0x8 ./User/main.o
 .bss.g_SysTickIntCnt
                0x20000238        0x8 ./User/main.o
                0x20000238                g_SysTickIntCnt
 .bss.value1A.10947
                0x20000240       0x28 ./User/main.o
 .bss.UART1_DMA_Job_Buffer
                0x20000268      0x104 ./User/user_sys.o
                0x20000268                UART1_DMA_Job_Buffer
 .bss.heartbeat_counter.10938
                0x2000036c        0x2 ./User/user_sys.o
 *fill*         0x2000036e        0x2 
 .bss.__malloc_free_list
                0x20000370        0x4 c:/program files (x86)/gnu tools arm embedded/6 2017-q1-update/bin/../lib/gcc/arm-none-eabi/6.3.1/../../../../arm-none-eabi/lib/thumb/v7e-m/fpv4-sp/hard\libg_nano.a(lib_a-nano-mallocr.o)
                0x20000370                __malloc_free_list
 .bss.__malloc_sbrk_start
                0x20000374        0x4 c:/program files (x86)/gnu tools arm embedded/6 2017-q1-update/bin/../lib/gcc/arm-none-eabi/6.3.1/../../../../arm-none-eabi/lib/thumb/v7e-m/fpv4-sp/hard\libg_nano.a(lib_a-nano-mallocr.o)
                0x20000374                __malloc_sbrk_start
 .bss.heap_end.5239
                0x20000378        0x4 c:/program files (x86)/gnu tools arm embedded/6 2017-q1-update/bin/../lib/gcc/arm-none-eabi/6.3.1/../../../../arm-none-eabi/lib/thumb/v7e-m/fpv4-sp/hard\libnosys.a(sbrk.o)
 *(COMMON)
 COMMON         0x2000037c        0x4 ./CMSIS/GCC/_syscalls.o
                0x2000037c                errno
                0x20000380                . = ALIGN (0x4)
                0x20000380                __bss_end__ = .

.heap           0x20000380      0x100
                0x20000380                __HeapBase = .
                0x20000380                __end__ = .
                0x20000380                end = __end__
 *(.heap*)
 .heap          0x20000380      0x100 ./CMSIS/GCC/startup_M480.o
                0x20000480                __HeapLimit = .

.stack_dummy    0x20000380      0x800
 *(.stack*)
 .stack         0x20000380      0x800 ./CMSIS/GCC/startup_M480.o
                0x20028000                __StackTop = (ORIGIN (RAM) + LENGTH (RAM))
                0x20027800                __StackLimit = (__StackTop - SIZEOF (.stack_dummy))
                0x20028000                PROVIDE (__stack, __StackTop)
                0x00000001                ASSERT ((__StackLimit >= __HeapLimit), region RAM overflowed with stack)
OUTPUT(Nuvoton_M48x_UART_Test.elf elf32-littlearm)

.ARM.attributes
                0x00000000       0x30
 .ARM.attributes
                0x00000000       0x22 c:/program files (x86)/gnu tools arm embedded/6 2017-q1-update/bin/../lib/gcc/arm-none-eabi/6.3.1/thumb/v7e-m/fpv4-sp/hard/crti.o
 .ARM.attributes
                0x00000022       0x34 c:/program files (x86)/gnu tools arm embedded/6 2017-q1-update/bin/../lib/gcc/arm-none-eabi/6.3.1/thumb/v7e-m/fpv4-sp/hard/crtbegin.o
 .ARM.attributes
                0x00000056       0x20 c:/program files (x86)/gnu tools arm embedded/6 2017-q1-update/bin/../lib/gcc/arm-none-eabi/6.3.1/../../../../arm-none-eabi/lib/thumb/v7e-m/fpv4-sp/hard/crt0.o
 .ARM.attributes
                0x00000076       0x39 ./User/interrupt.o
 .ARM.attributes
                0x000000af       0x39 ./User/main.o
 .ARM.attributes
                0x000000e8       0x39 ./User/user_sys.o
 .ARM.attributes
                0x00000121       0x39 ./Library/StdDriver/src/clk.o
 .ARM.attributes
                0x0000015a       0x39 ./Library/StdDriver/src/gpio.o
 .ARM.attributes
                0x00000193       0x39 ./Library/StdDriver/src/pdma.o
 .ARM.attributes
                0x000001cc       0x39 ./Library/StdDriver/src/retarget.o
 .ARM.attributes
                0x00000205       0x39 ./Library/StdDriver/src/uart.o
 .ARM.attributes
                0x0000023e       0x39 ./CMSIS/GCC/_syscalls.o
 .ARM.attributes
                0x00000277       0x1f ./CMSIS/GCC/startup_M480.o
 .ARM.attributes
                0x00000296       0x39 ./CMSIS/system_M480.o
 .ARM.attributes
                0x000002cf       0x22 c:/program files (x86)/gnu tools arm embedded/6 2017-q1-update/bin/../lib/gcc/arm-none-eabi/6.3.1/thumb/v7e-m/fpv4-sp/hard\libgcc.a(_arm_addsubdf3.o)
 .ARM.attributes
                0x000002f1       0x22 c:/program files (x86)/gnu tools arm embedded/6 2017-q1-update/bin/../lib/gcc/arm-none-eabi/6.3.1/thumb/v7e-m/fpv4-sp/hard\libgcc.a(_arm_muldivdf3.o)
 .ARM.attributes
                0x00000313       0x22 c:/program files (x86)/gnu tools arm embedded/6 2017-q1-update/bin/../lib/gcc/arm-none-eabi/6.3.1/thumb/v7e-m/fpv4-sp/hard\libgcc.a(_arm_truncdfsf2.o)
 .ARM.attributes
                0x00000335       0x34 c:/program files (x86)/gnu tools arm embedded/6 2017-q1-update/bin/../lib/gcc/arm-none-eabi/6.3.1/../../../../arm-none-eabi/lib/thumb/v7e-m/fpv4-sp/hard\libg_nano.a(lib_a-errno.o)
 .ARM.attributes
                0x00000369       0x34 c:/program files (x86)/gnu tools arm embedded/6 2017-q1-update/bin/../lib/gcc/arm-none-eabi/6.3.1/../../../../arm-none-eabi/lib/thumb/v7e-m/fpv4-sp/hard\libg_nano.a(lib_a-exit.o)
 .ARM.attributes
                0x0000039d       0x34 c:/program files (x86)/gnu tools arm embedded/6 2017-q1-update/bin/../lib/gcc/arm-none-eabi/6.3.1/../../../../arm-none-eabi/lib/thumb/v7e-m/fpv4-sp/hard\libg_nano.a(lib_a-impure.o)
 .ARM.attributes
                0x000003d1       0x34 c:/program files (x86)/gnu tools arm embedded/6 2017-q1-update/bin/../lib/gcc/arm-none-eabi/6.3.1/../../../../arm-none-eabi/lib/thumb/v7e-m/fpv4-sp/hard\libg_nano.a(lib_a-init.o)
 .ARM.attributes
                0x00000405       0x34 c:/program files (x86)/gnu tools arm embedded/6 2017-q1-update/bin/../lib/gcc/arm-none-eabi/6.3.1/../../../../arm-none-eabi/lib/thumb/v7e-m/fpv4-sp/hard\libg_nano.a(lib_a-memcpy-stub.o)
 .ARM.attributes
                0x00000439       0x34 c:/program files (x86)/gnu tools arm embedded/6 2017-q1-update/bin/../lib/gcc/arm-none-eabi/6.3.1/../../../../arm-none-eabi/lib/thumb/v7e-m/fpv4-sp/hard\libg_nano.a(lib_a-memset.o)
 .ARM.attributes
                0x0000046d       0x34 c:/program files (x86)/gnu tools arm embedded/6 2017-q1-update/bin/../lib/gcc/arm-none-eabi/6.3.1/../../../../arm-none-eabi/lib/thumb/v7e-m/fpv4-sp/hard\libg_nano.a(lib_a-nano-vfprintf_float.o)
 .ARM.attributes
                0x000004a1       0x34 c:/program files (x86)/gnu tools arm embedded/6 2017-q1-update/bin/../lib/gcc/arm-none-eabi/6.3.1/../../../../arm-none-eabi/lib/thumb/v7e-m/fpv4-sp/hard\libg_nano.a(lib_a-nano-vfprintf_i.o)
 .ARM.attributes
                0x000004d5       0x34 c:/program files (x86)/gnu tools arm embedded/6 2017-q1-update/bin/../lib/gcc/arm-none-eabi/6.3.1/../../../../arm-none-eabi/lib/thumb/v7e-m/fpv4-sp/hard\libg_nano.a(lib_a-printf.o)
 .ARM.attributes
                0x00000509       0x34 c:/program files (x86)/gnu tools arm embedded/6 2017-q1-update/bin/../lib/gcc/arm-none-eabi/6.3.1/../../../../arm-none-eabi/lib/thumb/v7e-m/fpv4-sp/hard\libg_nano.a(lib_a-puts.o)
 .ARM.attributes
                0x0000053d       0x34 c:/program files (x86)/gnu tools arm embedded/6 2017-q1-update/bin/../lib/gcc/arm-none-eabi/6.3.1/../../../../arm-none-eabi/lib/thumb/v7e-m/fpv4-sp/hard\libg_nano.a(lib_a-sprintf.o)
 .ARM.attributes
                0x00000571       0x1b c:/program files (x86)/gnu tools arm embedded/6 2017-q1-update/bin/../lib/gcc/arm-none-eabi/6.3.1/../../../../arm-none-eabi/lib/thumb/v7e-m/fpv4-sp/hard\libg_nano.a(lib_a-strlen.o)
 .ARM.attributes
                0x0000058c       0x34 c:/program files (x86)/gnu tools arm embedded/6 2017-q1-update/bin/../lib/gcc/arm-none-eabi/6.3.1/../../../../arm-none-eabi/lib/thumb/v7e-m/fpv4-sp/hard\libg_nano.a(lib_a-wbuf.o)
 .ARM.attributes
                0x000005c0       0x34 c:/program files (x86)/gnu tools arm embedded/6 2017-q1-update/bin/../lib/gcc/arm-none-eabi/6.3.1/../../../../arm-none-eabi/lib/thumb/v7e-m/fpv4-sp/hard\libg_nano.a(lib_a-wsetup.o)
 .ARM.attributes
                0x000005f4       0x34 c:/program files (x86)/gnu tools arm embedded/6 2017-q1-update/bin/../lib/gcc/arm-none-eabi/6.3.1/../../../../arm-none-eabi/lib/thumb/v7e-m/fpv4-sp/hard\libg_nano.a(lib_a-dtoa.o)
 .ARM.attributes
                0x00000628       0x34 c:/program files (x86)/gnu tools arm embedded/6 2017-q1-update/bin/../lib/gcc/arm-none-eabi/6.3.1/../../../../arm-none-eabi/lib/thumb/v7e-m/fpv4-sp/hard\libg_nano.a(lib_a-fflush.o)
 .ARM.attributes
                0x0000065c       0x34 c:/program files (x86)/gnu tools arm embedded/6 2017-q1-update/bin/../lib/gcc/arm-none-eabi/6.3.1/../../../../arm-none-eabi/lib/thumb/v7e-m/fpv4-sp/hard\libg_nano.a(lib_a-findfp.o)
 .ARM.attributes
                0x00000690       0x34 c:/program files (x86)/gnu tools arm embedded/6 2017-q1-update/bin/../lib/gcc/arm-none-eabi/6.3.1/../../../../arm-none-eabi/lib/thumb/v7e-m/fpv4-sp/hard\libg_nano.a(lib_a-fwalk.o)
 .ARM.attributes
                0x000006c4       0x34 c:/program files (x86)/gnu tools arm embedded/6 2017-q1-update/bin/../lib/gcc/arm-none-eabi/6.3.1/../../../../arm-none-eabi/lib/thumb/v7e-m/fpv4-sp/hard\libg_nano.a(lib_a-localeconv.o)
 .ARM.attributes
                0x000006f8       0x34 c:/program files (x86)/gnu tools arm embedded/6 2017-q1-update/bin/../lib/gcc/arm-none-eabi/6.3.1/../../../../arm-none-eabi/lib/thumb/v7e-m/fpv4-sp/hard\libg_nano.a(lib_a-makebuf.o)
 .ARM.attributes
                0x0000072c       0x34 c:/program files (x86)/gnu tools arm embedded/6 2017-q1-update/bin/../lib/gcc/arm-none-eabi/6.3.1/../../../../arm-none-eabi/lib/thumb/v7e-m/fpv4-sp/hard\libg_nano.a(lib_a-malloc.o)
 .ARM.attributes
                0x00000760       0x20 c:/program files (x86)/gnu tools arm embedded/6 2017-q1-update/bin/../lib/gcc/arm-none-eabi/6.3.1/../../../../arm-none-eabi/lib/thumb/v7e-m/fpv4-sp/hard\libg_nano.a(lib_a-memchr.o)
 .ARM.attributes
                0x00000780       0x34 c:/program files (x86)/gnu tools arm embedded/6 2017-q1-update/bin/../lib/gcc/arm-none-eabi/6.3.1/../../../../arm-none-eabi/lib/thumb/v7e-m/fpv4-sp/hard\libg_nano.a(lib_a-mprec.o)
 .ARM.attributes
                0x000007b4       0x34 c:/program files (x86)/gnu tools arm embedded/6 2017-q1-update/bin/../lib/gcc/arm-none-eabi/6.3.1/../../../../arm-none-eabi/lib/thumb/v7e-m/fpv4-sp/hard\libg_nano.a(lib_a-nano-callocr.o)
 .ARM.attributes
                0x000007e8       0x34 c:/program files (x86)/gnu tools arm embedded/6 2017-q1-update/bin/../lib/gcc/arm-none-eabi/6.3.1/../../../../arm-none-eabi/lib/thumb/v7e-m/fpv4-sp/hard\libg_nano.a(lib_a-nano-freer.o)
 .ARM.attributes
                0x0000081c       0x34 c:/program files (x86)/gnu tools arm embedded/6 2017-q1-update/bin/../lib/gcc/arm-none-eabi/6.3.1/../../../../arm-none-eabi/lib/thumb/v7e-m/fpv4-sp/hard\libg_nano.a(lib_a-nano-mallocr.o)
 .ARM.attributes
                0x00000850       0x34 c:/program files (x86)/gnu tools arm embedded/6 2017-q1-update/bin/../lib/gcc/arm-none-eabi/6.3.1/../../../../arm-none-eabi/lib/thumb/v7e-m/fpv4-sp/hard\libg_nano.a(lib_a-nano-svfprintf.o)
 .ARM.attributes
                0x00000884       0x34 c:/program files (x86)/gnu tools arm embedded/6 2017-q1-update/bin/../lib/gcc/arm-none-eabi/6.3.1/../../../../arm-none-eabi/lib/thumb/v7e-m/fpv4-sp/hard\libg_nano.a(lib_a-nano-vfprintf.o)
 .ARM.attributes
                0x000008b8       0x34 c:/program files (x86)/gnu tools arm embedded/6 2017-q1-update/bin/../lib/gcc/arm-none-eabi/6.3.1/../../../../arm-none-eabi/lib/thumb/v7e-m/fpv4-sp/hard\libg_nano.a(lib_a-sbrkr.o)
 .ARM.attributes
                0x000008ec       0x34 c:/program files (x86)/gnu tools arm embedded/6 2017-q1-update/bin/../lib/gcc/arm-none-eabi/6.3.1/../../../../arm-none-eabi/lib/thumb/v7e-m/fpv4-sp/hard\libg_nano.a(lib_a-stdio.o)
 .ARM.attributes
                0x00000920       0x34 c:/program files (x86)/gnu tools arm embedded/6 2017-q1-update/bin/../lib/gcc/arm-none-eabi/6.3.1/../../../../arm-none-eabi/lib/thumb/v7e-m/fpv4-sp/hard\libg_nano.a(lib_a-writer.o)
 .ARM.attributes
                0x00000954       0x34 c:/program files (x86)/gnu tools arm embedded/6 2017-q1-update/bin/../lib/gcc/arm-none-eabi/6.3.1/../../../../arm-none-eabi/lib/thumb/v7e-m/fpv4-sp/hard\libg_nano.a(lib_a-closer.o)
 .ARM.attributes
                0x00000988       0x34 c:/program files (x86)/gnu tools arm embedded/6 2017-q1-update/bin/../lib/gcc/arm-none-eabi/6.3.1/../../../../arm-none-eabi/lib/thumb/v7e-m/fpv4-sp/hard\libg_nano.a(lib_a-fstatr.o)
 .ARM.attributes
                0x000009bc       0x34 c:/program files (x86)/gnu tools arm embedded/6 2017-q1-update/bin/../lib/gcc/arm-none-eabi/6.3.1/../../../../arm-none-eabi/lib/thumb/v7e-m/fpv4-sp/hard\libg_nano.a(lib_a-isattyr.o)
 .ARM.attributes
                0x000009f0       0x34 c:/program files (x86)/gnu tools arm embedded/6 2017-q1-update/bin/../lib/gcc/arm-none-eabi/6.3.1/../../../../arm-none-eabi/lib/thumb/v7e-m/fpv4-sp/hard\libg_nano.a(lib_a-locale.o)
 .ARM.attributes
                0x00000a24       0x34 c:/program files (x86)/gnu tools arm embedded/6 2017-q1-update/bin/../lib/gcc/arm-none-eabi/6.3.1/../../../../arm-none-eabi/lib/thumb/v7e-m/fpv4-sp/hard\libg_nano.a(lib_a-lseekr.o)
 .ARM.attributes
                0x00000a58       0x34 c:/program files (x86)/gnu tools arm embedded/6 2017-q1-update/bin/../lib/gcc/arm-none-eabi/6.3.1/../../../../arm-none-eabi/lib/thumb/v7e-m/fpv4-sp/hard\libg_nano.a(lib_a-mbtowc_r.o)
 .ARM.attributes
                0x00000a8c       0x34 c:/program files (x86)/gnu tools arm embedded/6 2017-q1-update/bin/../lib/gcc/arm-none-eabi/6.3.1/../../../../arm-none-eabi/lib/thumb/v7e-m/fpv4-sp/hard\libg_nano.a(lib_a-memmove.o)
 .ARM.attributes
                0x00000ac0       0x34 c:/program files (x86)/gnu tools arm embedded/6 2017-q1-update/bin/../lib/gcc/arm-none-eabi/6.3.1/../../../../arm-none-eabi/lib/thumb/v7e-m/fpv4-sp/hard\libg_nano.a(lib_a-mlock.o)
 .ARM.attributes
                0x00000af4       0x34 c:/program files (x86)/gnu tools arm embedded/6 2017-q1-update/bin/../lib/gcc/arm-none-eabi/6.3.1/../../../../arm-none-eabi/lib/thumb/v7e-m/fpv4-sp/hard\libg_nano.a(lib_a-nano-reallocr.o)
 .ARM.attributes
                0x00000b28       0x34 c:/program files (x86)/gnu tools arm embedded/6 2017-q1-update/bin/../lib/gcc/arm-none-eabi/6.3.1/../../../../arm-none-eabi/lib/thumb/v7e-m/fpv4-sp/hard\libg_nano.a(lib_a-readr.o)
 .ARM.attributes
                0x00000b5c       0x34 c:/program files (x86)/gnu tools arm embedded/6 2017-q1-update/bin/../lib/gcc/arm-none-eabi/6.3.1/../../../../arm-none-eabi/lib/thumb/v7e-m/fpv4-sp/hard\libg_nano.a(lib_a-wctomb_r.o)
 .ARM.attributes
                0x00000b90       0x34 c:/program files (x86)/gnu tools arm embedded/6 2017-q1-update/bin/../lib/gcc/arm-none-eabi/6.3.1/../../../../arm-none-eabi/lib/thumb/v7e-m/fpv4-sp/hard\libg_nano.a(lib_a-ctype_.o)
 .ARM.attributes
                0x00000bc4       0x34 c:/program files (x86)/gnu tools arm embedded/6 2017-q1-update/bin/../lib/gcc/arm-none-eabi/6.3.1/../../../../arm-none-eabi/lib/thumb/v7e-m/fpv4-sp/hard\libg_nano.a(lib_a-nano-msizer.o)
 .ARM.attributes
                0x00000bf8       0x22 c:/program files (x86)/gnu tools arm embedded/6 2017-q1-update/bin/../lib/gcc/arm-none-eabi/6.3.1/thumb/v7e-m/fpv4-sp/hard\libgcc.a(_arm_cmpdf2.o)
 .ARM.attributes
                0x00000c1a       0x22 c:/program files (x86)/gnu tools arm embedded/6 2017-q1-update/bin/../lib/gcc/arm-none-eabi/6.3.1/thumb/v7e-m/fpv4-sp/hard\libgcc.a(_arm_unorddf2.o)
 .ARM.attributes
                0x00000c3c       0x22 c:/program files (x86)/gnu tools arm embedded/6 2017-q1-update/bin/../lib/gcc/arm-none-eabi/6.3.1/thumb/v7e-m/fpv4-sp/hard\libgcc.a(_arm_fixdfsi.o)
 .ARM.attributes
                0x00000c5e       0x34 c:/program files (x86)/gnu tools arm embedded/6 2017-q1-update/bin/../lib/gcc/arm-none-eabi/6.3.1/thumb/v7e-m/fpv4-sp/hard/crtend.o
 .ARM.attributes
                0x00000c92       0x22 c:/program files (x86)/gnu tools arm embedded/6 2017-q1-update/bin/../lib/gcc/arm-none-eabi/6.3.1/thumb/v7e-m/fpv4-sp/hard/crtn.o
 .ARM.attributes
                0x00000cb4       0x34 c:/program files (x86)/gnu tools arm embedded/6 2017-q1-update/bin/../lib/gcc/arm-none-eabi/6.3.1/../../../../arm-none-eabi/lib/thumb/v7e-m/fpv4-sp/hard\libnosys.a(sbrk.o)
 .ARM.attributes
                0x00000ce8       0x34 c:/program files (x86)/gnu tools arm embedded/6 2017-q1-update/bin/../lib/gcc/arm-none-eabi/6.3.1/../../../../arm-none-eabi/lib/thumb/v7e-m/fpv4-sp/hard\libnosys.a(_exit.o)

.comment        0x00000000       0x7f
 .comment       0x00000000       0x7f ./User/interrupt.o
                                 0x80 (size before relaxing)
 .comment       0x0000007f       0x80 ./User/main.o
 .comment       0x0000007f       0x80 ./User/user_sys.o
 .comment       0x0000007f       0x80 ./Library/StdDriver/src/clk.o
 .comment       0x0000007f       0x80 ./Library/StdDriver/src/gpio.o
 .comment       0x0000007f       0x80 ./Library/StdDriver/src/pdma.o
 .comment       0x0000007f       0x80 ./Library/StdDriver/src/retarget.o
 .comment       0x0000007f       0x80 ./Library/StdDriver/src/uart.o
 .comment       0x0000007f       0x80 ./CMSIS/GCC/_syscalls.o
 .comment       0x0000007f       0x80 ./CMSIS/system_M480.o

.debug_info     0x00000000     0xcf45
 .debug_info    0x00000000     0x1011 ./User/interrupt.o
 .debug_info    0x00001011     0x1e21 ./User/main.o
 .debug_info    0x00002e32     0x1944 ./User/user_sys.o
 .debug_info    0x00004776     0x1c44 ./Library/StdDriver/src/clk.o
 .debug_info    0x000063ba      0xdde ./Library/StdDriver/src/gpio.o
 .debug_info    0x00007198     0x1305 ./Library/StdDriver/src/pdma.o
 .debug_info    0x0000849d     0x1026 ./Library/StdDriver/src/retarget.o
 .debug_info    0x000094c3     0x137f ./Library/StdDriver/src/uart.o
 .debug_info    0x0000a842     0x11bb ./CMSIS/GCC/_syscalls.o
 .debug_info    0x0000b9fd       0x76 ./CMSIS/GCC/startup_M480.o
 .debug_info    0x0000ba73     0x14d2 ./CMSIS/system_M480.o

.debug_abbrev   0x00000000     0x1b45
 .debug_abbrev  0x00000000      0x24a ./User/interrupt.o
 .debug_abbrev  0x0000024a      0x360 ./User/main.o
 .debug_abbrev  0x000005aa      0x32f ./User/user_sys.o
 .debug_abbrev  0x000008d9      0x351 ./Library/StdDriver/src/clk.o
 .debug_abbrev  0x00000c2a      0x206 ./Library/StdDriver/src/gpio.o
 .debug_abbrev  0x00000e30      0x25a ./Library/StdDriver/src/pdma.o
 .debug_abbrev  0x0000108a      0x340 ./Library/StdDriver/src/retarget.o
 .debug_abbrev  0x000013ca      0x29a ./Library/StdDriver/src/uart.o
 .debug_abbrev  0x00001664      0x289 ./CMSIS/GCC/_syscalls.o
 .debug_abbrev  0x000018ed       0x14 ./CMSIS/GCC/startup_M480.o
 .debug_abbrev  0x00001901      0x244 ./CMSIS/system_M480.o

.debug_loc      0x00000000     0x23d7
 .debug_loc     0x00000000       0x34 ./User/interrupt.o
 .debug_loc     0x00000034       0x7d ./User/main.o
 .debug_loc     0x000000b1      0x10c ./User/user_sys.o
 .debug_loc     0x000001bd      0xaa9 ./Library/StdDriver/src/clk.o
 .debug_loc     0x00000c66       0xc0 ./Library/StdDriver/src/gpio.o
 .debug_loc     0x00000d26      0x766 ./Library/StdDriver/src/pdma.o
 .debug_loc     0x0000148c      0x179 ./Library/StdDriver/src/retarget.o
 .debug_loc     0x00001605      0x850 ./Library/StdDriver/src/uart.o
 .debug_loc     0x00001e55      0x549 ./CMSIS/GCC/_syscalls.o
 .debug_loc     0x0000239e       0x39 ./CMSIS/system_M480.o

.debug_aranges  0x00000000      0x478
 .debug_aranges
                0x00000000       0x20 ./User/interrupt.o
 .debug_aranges
                0x00000020       0x30 ./User/main.o
 .debug_aranges
                0x00000050       0x48 ./User/user_sys.o
 .debug_aranges
                0x00000098      0x108 ./Library/StdDriver/src/clk.o
 .debug_aranges
                0x000001a0       0x40 ./Library/StdDriver/src/gpio.o
 .debug_aranges
                0x000001e0       0x88 ./Library/StdDriver/src/pdma.o
 .debug_aranges
                0x00000268       0x70 ./Library/StdDriver/src/retarget.o
 .debug_aranges
                0x000002d8       0x88 ./Library/StdDriver/src/uart.o
 .debug_aranges
                0x00000360       0xd0 ./CMSIS/GCC/_syscalls.o
 .debug_aranges
                0x00000430       0x20 ./CMSIS/GCC/startup_M480.o
 .debug_aranges
                0x00000450       0x28 ./CMSIS/system_M480.o

.debug_ranges   0x00000000      0x3e8
 .debug_ranges  0x00000000       0x10 ./User/interrupt.o
 .debug_ranges  0x00000010       0x38 ./User/main.o
 .debug_ranges  0x00000048       0x50 ./User/user_sys.o
 .debug_ranges  0x00000098       0xf8 ./Library/StdDriver/src/clk.o
 .debug_ranges  0x00000190       0x30 ./Library/StdDriver/src/gpio.o
 .debug_ranges  0x000001c0       0x78 ./Library/StdDriver/src/pdma.o
 .debug_ranges  0x00000238       0x60 ./Library/StdDriver/src/retarget.o
 .debug_ranges  0x00000298       0x78 ./Library/StdDriver/src/uart.o
 .debug_ranges  0x00000310       0xc0 ./CMSIS/GCC/_syscalls.o
 .debug_ranges  0x000003d0       0x18 ./CMSIS/system_M480.o

.debug_line     0x00000000     0x247c
 .debug_line    0x00000000      0x27d ./User/interrupt.o
 .debug_line    0x0000027d      0x39d ./User/main.o
 .debug_line    0x0000061a      0x38b ./User/user_sys.o
 .debug_line    0x000009a5      0x5b4 ./Library/StdDriver/src/clk.o
 .debug_line    0x00000f59      0x2be ./Library/StdDriver/src/gpio.o
 .debug_line    0x00001217      0x398 ./Library/StdDriver/src/pdma.o
 .debug_line    0x000015af      0x3b1 ./Library/StdDriver/src/retarget.o
 .debug_line    0x00001960      0x418 ./Library/StdDriver/src/uart.o
 .debug_line    0x00001d78      0x3e2 ./CMSIS/GCC/_syscalls.o
 .debug_line    0x0000215a       0x7f ./CMSIS/GCC/startup_M480.o
 .debug_line    0x000021d9      0x2a3 ./CMSIS/system_M480.o

.debug_str      0x00000000     0x21a8
 .debug_str     0x00000000      0x964 ./User/interrupt.o
                                0xa23 (size before relaxing)
 .debug_str     0x00000964      0xa56 ./User/main.o
                               0x137f (size before relaxing)
 .debug_str     0x000013ba       0xd1 ./User/user_sys.o
                               0x111d (size before relaxing)
 .debug_str     0x0000148b      0x3c0 ./Library/StdDriver/src/clk.o
                                0xff3 (size before relaxing)
 .debug_str     0x0000184b       0x85 ./Library/StdDriver/src/gpio.o
                                0x94d (size before relaxing)
 .debug_str     0x000018d0      0x1f4 ./Library/StdDriver/src/pdma.o
                                0xb89 (size before relaxing)
 .debug_str     0x00001ac4       0xb0 ./Library/StdDriver/src/retarget.o
                                0x9aa (size before relaxing)
 .debug_str     0x00001b74      0x1f2 ./Library/StdDriver/src/uart.o
                                0xc19 (size before relaxing)
 .debug_str     0x00001d66      0x2a3 ./CMSIS/GCC/_syscalls.o
                                0x8c6 (size before relaxing)
 .debug_str     0x00002009      0x19f ./CMSIS/system_M480.o
                                0xc17 (size before relaxing)

.debug_frame    0x00000000     0x1aac
 .debug_frame   0x00000000       0x30 ./User/interrupt.o
 .debug_frame   0x00000030       0x68 ./User/main.o
 .debug_frame   0x00000098       0xa8 ./User/user_sys.o
 .debug_frame   0x00000140      0x2ac ./Library/StdDriver/src/clk.o
 .debug_frame   0x000003ec       0x9c ./Library/StdDriver/src/gpio.o
 .debug_frame   0x00000488      0x158 ./Library/StdDriver/src/pdma.o
 .debug_frame   0x000005e0       0xf4 ./Library/StdDriver/src/retarget.o
 .debug_frame   0x000006d4      0x160 ./Library/StdDriver/src/uart.o
 .debug_frame   0x00000834      0x230 ./CMSIS/GCC/_syscalls.o
 .debug_frame   0x00000a64       0x38 ./CMSIS/system_M480.o
 .debug_frame   0x00000a9c       0xac c:/program files (x86)/gnu tools arm embedded/6 2017-q1-update/bin/../lib/gcc/arm-none-eabi/6.3.1/thumb/v7e-m/fpv4-sp/hard\libgcc.a(_arm_addsubdf3.o)
 .debug_frame   0x00000b48       0x50 c:/program files (x86)/gnu tools arm embedded/6 2017-q1-update/bin/../lib/gcc/arm-none-eabi/6.3.1/thumb/v7e-m/fpv4-sp/hard\libgcc.a(_arm_muldivdf3.o)
 .debug_frame   0x00000b98       0x24 c:/program files (x86)/gnu tools arm embedded/6 2017-q1-update/bin/../lib/gcc/arm-none-eabi/6.3.1/thumb/v7e-m/fpv4-sp/hard\libgcc.a(_arm_truncdfsf2.o)
 .debug_frame   0x00000bbc       0x20 c:/program files (x86)/gnu tools arm embedded/6 2017-q1-update/bin/../lib/gcc/arm-none-eabi/6.3.1/../../../../arm-none-eabi/lib/thumb/v7e-m/fpv4-sp/hard\libg_nano.a(lib_a-errno.o)
 .debug_frame   0x00000bdc       0x28 c:/program files (x86)/gnu tools arm embedded/6 2017-q1-update/bin/../lib/gcc/arm-none-eabi/6.3.1/../../../../arm-none-eabi/lib/thumb/v7e-m/fpv4-sp/hard\libg_nano.a(lib_a-exit.o)
 .debug_frame   0x00000c04       0x2c c:/program files (x86)/gnu tools arm embedded/6 2017-q1-update/bin/../lib/gcc/arm-none-eabi/6.3.1/../../../../arm-none-eabi/lib/thumb/v7e-m/fpv4-sp/hard\libg_nano.a(lib_a-init.o)
 .debug_frame   0x00000c30       0x28 c:/program files (x86)/gnu tools arm embedded/6 2017-q1-update/bin/../lib/gcc/arm-none-eabi/6.3.1/../../../../arm-none-eabi/lib/thumb/v7e-m/fpv4-sp/hard\libg_nano.a(lib_a-memcpy-stub.o)
 .debug_frame   0x00000c58       0x20 c:/program files (x86)/gnu tools arm embedded/6 2017-q1-update/bin/../lib/gcc/arm-none-eabi/6.3.1/../../../../arm-none-eabi/lib/thumb/v7e-m/fpv4-sp/hard\libg_nano.a(lib_a-memset.o)
 .debug_frame   0x00000c78       0x8c c:/program files (x86)/gnu tools arm embedded/6 2017-q1-update/bin/../lib/gcc/arm-none-eabi/6.3.1/../../../../arm-none-eabi/lib/thumb/v7e-m/fpv4-sp/hard\libg_nano.a(lib_a-nano-vfprintf_float.o)
 .debug_frame   0x00000d04       0x60 c:/program files (x86)/gnu tools arm embedded/6 2017-q1-update/bin/../lib/gcc/arm-none-eabi/6.3.1/../../../../arm-none-eabi/lib/thumb/v7e-m/fpv4-sp/hard\libg_nano.a(lib_a-nano-vfprintf_i.o)
 .debug_frame   0x00000d64       0x74 c:/program files (x86)/gnu tools arm embedded/6 2017-q1-update/bin/../lib/gcc/arm-none-eabi/6.3.1/../../../../arm-none-eabi/lib/thumb/v7e-m/fpv4-sp/hard\libg_nano.a(lib_a-printf.o)
 .debug_frame   0x00000dd8       0x3c c:/program files (x86)/gnu tools arm embedded/6 2017-q1-update/bin/../lib/gcc/arm-none-eabi/6.3.1/../../../../arm-none-eabi/lib/thumb/v7e-m/fpv4-sp/hard\libg_nano.a(lib_a-puts.o)
 .debug_frame   0x00000e14       0x70 c:/program files (x86)/gnu tools arm embedded/6 2017-q1-update/bin/../lib/gcc/arm-none-eabi/6.3.1/../../../../arm-none-eabi/lib/thumb/v7e-m/fpv4-sp/hard\libg_nano.a(lib_a-sprintf.o)
 .debug_frame   0x00000e84       0x40 c:/program files (x86)/gnu tools arm embedded/6 2017-q1-update/bin/../lib/gcc/arm-none-eabi/6.3.1/../../../../arm-none-eabi/lib/thumb/v7e-m/fpv4-sp/hard\libg_nano.a(lib_a-wbuf.o)
 .debug_frame   0x00000ec4       0x2c c:/program files (x86)/gnu tools arm embedded/6 2017-q1-update/bin/../lib/gcc/arm-none-eabi/6.3.1/../../../../arm-none-eabi/lib/thumb/v7e-m/fpv4-sp/hard\libg_nano.a(lib_a-wsetup.o)
 .debug_frame   0x00000ef0       0x6c c:/program files (x86)/gnu tools arm embedded/6 2017-q1-update/bin/../lib/gcc/arm-none-eabi/6.3.1/../../../../arm-none-eabi/lib/thumb/v7e-m/fpv4-sp/hard\libg_nano.a(lib_a-dtoa.o)
 .debug_frame   0x00000f5c       0x68 c:/program files (x86)/gnu tools arm embedded/6 2017-q1-update/bin/../lib/gcc/arm-none-eabi/6.3.1/../../../../arm-none-eabi/lib/thumb/v7e-m/fpv4-sp/hard\libg_nano.a(lib_a-fflush.o)
 .debug_frame   0x00000fc4      0x11c c:/program files (x86)/gnu tools arm embedded/6 2017-q1-update/bin/../lib/gcc/arm-none-eabi/6.3.1/../../../../arm-none-eabi/lib/thumb/v7e-m/fpv4-sp/hard\libg_nano.a(lib_a-findfp.o)
 .debug_frame   0x000010e0       0x54 c:/program files (x86)/gnu tools arm embedded/6 2017-q1-update/bin/../lib/gcc/arm-none-eabi/6.3.1/../../../../arm-none-eabi/lib/thumb/v7e-m/fpv4-sp/hard\libg_nano.a(lib_a-fwalk.o)
 .debug_frame   0x00001134       0x40 c:/program files (x86)/gnu tools arm embedded/6 2017-q1-update/bin/../lib/gcc/arm-none-eabi/6.3.1/../../../../arm-none-eabi/lib/thumb/v7e-m/fpv4-sp/hard\libg_nano.a(lib_a-localeconv.o)
 .debug_frame   0x00001174       0x58 c:/program files (x86)/gnu tools arm embedded/6 2017-q1-update/bin/../lib/gcc/arm-none-eabi/6.3.1/../../../../arm-none-eabi/lib/thumb/v7e-m/fpv4-sp/hard\libg_nano.a(lib_a-makebuf.o)
 .debug_frame   0x000011cc       0x30 c:/program files (x86)/gnu tools arm embedded/6 2017-q1-update/bin/../lib/gcc/arm-none-eabi/6.3.1/../../../../arm-none-eabi/lib/thumb/v7e-m/fpv4-sp/hard\libg_nano.a(lib_a-malloc.o)
 .debug_frame   0x000011fc      0x240 c:/program files (x86)/gnu tools arm embedded/6 2017-q1-update/bin/../lib/gcc/arm-none-eabi/6.3.1/../../../../arm-none-eabi/lib/thumb/v7e-m/fpv4-sp/hard\libg_nano.a(lib_a-mprec.o)
 .debug_frame   0x0000143c       0x2c c:/program files (x86)/gnu tools arm embedded/6 2017-q1-update/bin/../lib/gcc/arm-none-eabi/6.3.1/../../../../arm-none-eabi/lib/thumb/v7e-m/fpv4-sp/hard\libg_nano.a(lib_a-nano-callocr.o)
 .debug_frame   0x00001468       0x38 c:/program files (x86)/gnu tools arm embedded/6 2017-q1-update/bin/../lib/gcc/arm-none-eabi/6.3.1/../../../../arm-none-eabi/lib/thumb/v7e-m/fpv4-sp/hard\libg_nano.a(lib_a-nano-freer.o)
 .debug_frame   0x000014a0       0x2c c:/program files (x86)/gnu tools arm embedded/6 2017-q1-update/bin/../lib/gcc/arm-none-eabi/6.3.1/../../../../arm-none-eabi/lib/thumb/v7e-m/fpv4-sp/hard\libg_nano.a(lib_a-nano-mallocr.o)
 .debug_frame   0x000014cc       0x90 c:/program files (x86)/gnu tools arm embedded/6 2017-q1-update/bin/../lib/gcc/arm-none-eabi/6.3.1/../../../../arm-none-eabi/lib/thumb/v7e-m/fpv4-sp/hard\libg_nano.a(lib_a-nano-svfprintf.o)
 .debug_frame   0x0000155c       0xac c:/program files (x86)/gnu tools arm embedded/6 2017-q1-update/bin/../lib/gcc/arm-none-eabi/6.3.1/../../../../arm-none-eabi/lib/thumb/v7e-m/fpv4-sp/hard\libg_nano.a(lib_a-nano-vfprintf.o)
 .debug_frame   0x00001608       0x2c c:/program files (x86)/gnu tools arm embedded/6 2017-q1-update/bin/../lib/gcc/arm-none-eabi/6.3.1/../../../../arm-none-eabi/lib/thumb/v7e-m/fpv4-sp/hard\libg_nano.a(lib_a-sbrkr.o)
 .debug_frame   0x00001634       0x88 c:/program files (x86)/gnu tools arm embedded/6 2017-q1-update/bin/../lib/gcc/arm-none-eabi/6.3.1/../../../../arm-none-eabi/lib/thumb/v7e-m/fpv4-sp/hard\libg_nano.a(lib_a-stdio.o)
 .debug_frame   0x000016bc       0x2c c:/program files (x86)/gnu tools arm embedded/6 2017-q1-update/bin/../lib/gcc/arm-none-eabi/6.3.1/../../../../arm-none-eabi/lib/thumb/v7e-m/fpv4-sp/hard\libg_nano.a(lib_a-writer.o)
 .debug_frame   0x000016e8       0x2c c:/program files (x86)/gnu tools arm embedded/6 2017-q1-update/bin/../lib/gcc/arm-none-eabi/6.3.1/../../../../arm-none-eabi/lib/thumb/v7e-m/fpv4-sp/hard\libg_nano.a(lib_a-closer.o)
 .debug_frame   0x00001714       0x2c c:/program files (x86)/gnu tools arm embedded/6 2017-q1-update/bin/../lib/gcc/arm-none-eabi/6.3.1/../../../../arm-none-eabi/lib/thumb/v7e-m/fpv4-sp/hard\libg_nano.a(lib_a-fstatr.o)
 .debug_frame   0x00001740       0x2c c:/program files (x86)/gnu tools arm embedded/6 2017-q1-update/bin/../lib/gcc/arm-none-eabi/6.3.1/../../../../arm-none-eabi/lib/thumb/v7e-m/fpv4-sp/hard\libg_nano.a(lib_a-isattyr.o)
 .debug_frame   0x0000176c       0x68 c:/program files (x86)/gnu tools arm embedded/6 2017-q1-update/bin/../lib/gcc/arm-none-eabi/6.3.1/../../../../arm-none-eabi/lib/thumb/v7e-m/fpv4-sp/hard\libg_nano.a(lib_a-locale.o)
 .debug_frame   0x000017d4       0x2c c:/program files (x86)/gnu tools arm embedded/6 2017-q1-update/bin/../lib/gcc/arm-none-eabi/6.3.1/../../../../arm-none-eabi/lib/thumb/v7e-m/fpv4-sp/hard\libg_nano.a(lib_a-lseekr.o)
 .debug_frame   0x00001800       0x48 c:/program files (x86)/gnu tools arm embedded/6 2017-q1-update/bin/../lib/gcc/arm-none-eabi/6.3.1/../../../../arm-none-eabi/lib/thumb/v7e-m/fpv4-sp/hard\libg_nano.a(lib_a-mbtowc_r.o)
 .debug_frame   0x00001848       0x28 c:/program files (x86)/gnu tools arm embedded/6 2017-q1-update/bin/../lib/gcc/arm-none-eabi/6.3.1/../../../../arm-none-eabi/lib/thumb/v7e-m/fpv4-sp/hard\libg_nano.a(lib_a-memmove.o)
 .debug_frame   0x00001870       0x30 c:/program files (x86)/gnu tools arm embedded/6 2017-q1-update/bin/../lib/gcc/arm-none-eabi/6.3.1/../../../../arm-none-eabi/lib/thumb/v7e-m/fpv4-sp/hard\libg_nano.a(lib_a-mlock.o)
 .debug_frame   0x000018a0       0x3c c:/program files (x86)/gnu tools arm embedded/6 2017-q1-update/bin/../lib/gcc/arm-none-eabi/6.3.1/../../../../arm-none-eabi/lib/thumb/v7e-m/fpv4-sp/hard\libg_nano.a(lib_a-nano-reallocr.o)
 .debug_frame   0x000018dc       0x2c c:/program files (x86)/gnu tools arm embedded/6 2017-q1-update/bin/../lib/gcc/arm-none-eabi/6.3.1/../../../../arm-none-eabi/lib/thumb/v7e-m/fpv4-sp/hard\libg_nano.a(lib_a-readr.o)
 .debug_frame   0x00001908       0x3c c:/program files (x86)/gnu tools arm embedded/6 2017-q1-update/bin/../lib/gcc/arm-none-eabi/6.3.1/../../../../arm-none-eabi/lib/thumb/v7e-m/fpv4-sp/hard\libg_nano.a(lib_a-wctomb_r.o)
 .debug_frame   0x00001944       0x20 c:/program files (x86)/gnu tools arm embedded/6 2017-q1-update/bin/../lib/gcc/arm-none-eabi/6.3.1/../../../../arm-none-eabi/lib/thumb/v7e-m/fpv4-sp/hard\libg_nano.a(lib_a-nano-msizer.o)
 .debug_frame   0x00001964       0xc4 c:/program files (x86)/gnu tools arm embedded/6 2017-q1-update/bin/../lib/gcc/arm-none-eabi/6.3.1/thumb/v7e-m/fpv4-sp/hard\libgcc.a(_arm_cmpdf2.o)
 .debug_frame   0x00001a28       0x20 c:/program files (x86)/gnu tools arm embedded/6 2017-q1-update/bin/../lib/gcc/arm-none-eabi/6.3.1/thumb/v7e-m/fpv4-sp/hard\libgcc.a(_arm_unorddf2.o)
 .debug_frame   0x00001a48       0x24 c:/program files (x86)/gnu tools arm embedded/6 2017-q1-update/bin/../lib/gcc/arm-none-eabi/6.3.1/thumb/v7e-m/fpv4-sp/hard\libgcc.a(_arm_fixdfsi.o)
 .debug_frame   0x00001a6c       0x20 c:/program files (x86)/gnu tools arm embedded/6 2017-q1-update/bin/../lib/gcc/arm-none-eabi/6.3.1/../../../../arm-none-eabi/lib/thumb/v7e-m/fpv4-sp/hard\libnosys.a(sbrk.o)
 .debug_frame   0x00001a8c       0x20 c:/program files (x86)/gnu tools arm embedded/6 2017-q1-update/bin/../lib/gcc/arm-none-eabi/6.3.1/../../../../arm-none-eabi/lib/thumb/v7e-m/fpv4-sp/hard\libnosys.a(_exit.o)
