Archive member included to satisfy reference by file (symbol)

c:/program files (x86)/gnu tools arm embedded/6 2017-q1-update/bin/../lib/gcc/arm-none-eabi/6.3.1/thumb/v7e-m/fpv4-sp/hard\libgcc.a(_arm_addsubdf3.o)
                              ./Library/StdDriver/src/emac.o (__aeabi_ui2d)
c:/program files (x86)/gnu tools arm embedded/6 2017-q1-update/bin/../lib/gcc/arm-none-eabi/6.3.1/thumb/v7e-m/fpv4-sp/hard\libgcc.a(_arm_muldivdf3.o)
                              ./Library/StdDriver/src/emac.o (__aeabi_dmul)
c:/program files (x86)/gnu tools arm embedded/6 2017-q1-update/bin/../lib/gcc/arm-none-eabi/6.3.1/thumb/v7e-m/fpv4-sp/hard\libgcc.a(_arm_fixunsdfsi.o)
                              ./Library/StdDriver/src/emac.o (__aeabi_d2uiz)
c:/program files (x86)/gnu tools arm embedded/6 2017-q1-update/bin/../lib/gcc/arm-none-eabi/6.3.1/thumb/v7e-m/fpv4-sp/hard\libgcc.a(_aeabi_uldivmod.o)
                              ./User/main.o (__aeabi_uldivmod)
c:/program files (x86)/gnu tools arm embedded/6 2017-q1-update/bin/../lib/gcc/arm-none-eabi/6.3.1/thumb/v7e-m/fpv4-sp/hard\libgcc.a(_udivmoddi4.o)
                              c:/program files (x86)/gnu tools arm embedded/6 2017-q1-update/bin/../lib/gcc/arm-none-eabi/6.3.1/thumb/v7e-m/fpv4-sp/hard\libgcc.a(_aeabi_uldivmod.o) (__udivmoddi4)
c:/program files (x86)/gnu tools arm embedded/6 2017-q1-update/bin/../lib/gcc/arm-none-eabi/6.3.1/thumb/v7e-m/fpv4-sp/hard\libgcc.a(_dvmd_tls.o)
                              c:/program files (x86)/gnu tools arm embedded/6 2017-q1-update/bin/../lib/gcc/arm-none-eabi/6.3.1/thumb/v7e-m/fpv4-sp/hard\libgcc.a(_aeabi_uldivmod.o) (__aeabi_ldiv0)
c:/program files (x86)/gnu tools arm embedded/6 2017-q1-update/bin/../lib/gcc/arm-none-eabi/6.3.1/../../../../arm-none-eabi/lib/thumb/v7e-m/fpv4-sp/hard\libg_nano.a(lib_a-errno.o)
                              ./CMSIS/GCC/_syscalls.o (__errno)
c:/program files (x86)/gnu tools arm embedded/6 2017-q1-update/bin/../lib/gcc/arm-none-eabi/6.3.1/../../../../arm-none-eabi/lib/thumb/v7e-m/fpv4-sp/hard\libg_nano.a(lib_a-exit.o)
                              c:/program files (x86)/gnu tools arm embedded/6 2017-q1-update/bin/../lib/gcc/arm-none-eabi/6.3.1/../../../../arm-none-eabi/lib/thumb/v7e-m/fpv4-sp/hard/crt0.o (exit)
c:/program files (x86)/gnu tools arm embedded/6 2017-q1-update/bin/../lib/gcc/arm-none-eabi/6.3.1/../../../../arm-none-eabi/lib/thumb/v7e-m/fpv4-sp/hard\libg_nano.a(lib_a-impure.o)
                              c:/program files (x86)/gnu tools arm embedded/6 2017-q1-update/bin/../lib/gcc/arm-none-eabi/6.3.1/../../../../arm-none-eabi/lib/thumb/v7e-m/fpv4-sp/hard\libg_nano.a(lib_a-exit.o) (_global_impure_ptr)
c:/program files (x86)/gnu tools arm embedded/6 2017-q1-update/bin/../lib/gcc/arm-none-eabi/6.3.1/../../../../arm-none-eabi/lib/thumb/v7e-m/fpv4-sp/hard\libg_nano.a(lib_a-init.o)
                              c:/program files (x86)/gnu tools arm embedded/6 2017-q1-update/bin/../lib/gcc/arm-none-eabi/6.3.1/../../../../arm-none-eabi/lib/thumb/v7e-m/fpv4-sp/hard/crt0.o (__libc_init_array)
c:/program files (x86)/gnu tools arm embedded/6 2017-q1-update/bin/../lib/gcc/arm-none-eabi/6.3.1/../../../../arm-none-eabi/lib/thumb/v7e-m/fpv4-sp/hard\libg_nano.a(lib_a-memcmp.o)
                              ./Library/StdDriver/src/emac.o (memcmp)
c:/program files (x86)/gnu tools arm embedded/6 2017-q1-update/bin/../lib/gcc/arm-none-eabi/6.3.1/../../../../arm-none-eabi/lib/thumb/v7e-m/fpv4-sp/hard\libg_nano.a(lib_a-memcpy-stub.o)
                              ./Library/StdDriver/src/crypto.o (memcpy)
c:/program files (x86)/gnu tools arm embedded/6 2017-q1-update/bin/../lib/gcc/arm-none-eabi/6.3.1/../../../../arm-none-eabi/lib/thumb/v7e-m/fpv4-sp/hard\libg_nano.a(lib_a-memset.o)
                              c:/program files (x86)/gnu tools arm embedded/6 2017-q1-update/bin/../lib/gcc/arm-none-eabi/6.3.1/../../../../arm-none-eabi/lib/thumb/v7e-m/fpv4-sp/hard/crt0.o (memset)
c:/program files (x86)/gnu tools arm embedded/6 2017-q1-update/bin/../lib/gcc/arm-none-eabi/6.3.1/../../../../arm-none-eabi/lib/thumb/v7e-m/fpv4-sp/hard\libg_nano.a(lib_a-printf.o)
                              ./Library/StdDriver/src/retarget.o (printf)
c:/program files (x86)/gnu tools arm embedded/6 2017-q1-update/bin/../lib/gcc/arm-none-eabi/6.3.1/../../../../arm-none-eabi/lib/thumb/v7e-m/fpv4-sp/hard\libg_nano.a(lib_a-puts.o)
                              ./User/main.o (puts)
c:/program files (x86)/gnu tools arm embedded/6 2017-q1-update/bin/../lib/gcc/arm-none-eabi/6.3.1/../../../../arm-none-eabi/lib/thumb/v7e-m/fpv4-sp/hard\libg_nano.a(lib_a-strlen.o)
                              ./Library/StdDriver/src/crypto.o (strlen)
c:/program files (x86)/gnu tools arm embedded/6 2017-q1-update/bin/../lib/gcc/arm-none-eabi/6.3.1/../../../../arm-none-eabi/lib/thumb/v7e-m/fpv4-sp/hard\libg_nano.a(lib_a-wbuf.o)
[...]
Memory Configuration

Name             Origin             Length             Attributes
FLASH            0x00000000         0x00080000         xr
RAM              0x20000000         0x00028000         xrw
*default*        0x00000000         0xffffffff

Linker script and memory map

LOAD c:/program files (x86)/gnu tools arm embedded/6 2017-q1-update/bin/../lib/gcc/arm-none-eabi/6.3.1/thumb/v7e-m/fpv4-sp/hard/crti.o
LOAD c:/program files (x86)/gnu tools arm embedded/6 2017-q1-update/bin/../lib/gcc/arm-none-eabi/6.3.1/thumb/v7e-m/fpv4-sp/hard/crtbegin.o
LOAD c:/program files (x86)/gnu tools arm embedded/6 2017-q1-update/bin/../lib/gcc/arm-none-eabi/6.3.1/../../../../arm-none-eabi/lib/thumb/v7e-m/fpv4-sp/hard/crt0.o
LOAD ./User/main.o
LOAD ./User/user_sys.o
LOAD ./Library/StdDriver/src/acmp.o
LOAD ./Library/StdDriver/src/bpwm.o
LOAD ./Library/StdDriver/src/can.o
LOAD ./Library/StdDriver/src/ccap.o
LOAD ./Library/StdDriver/src/clk.o
LOAD ./Library/StdDriver/src/crc.o
LOAD ./Library/StdDriver/src/crypto.o
LOAD ./Library/StdDriver/src/dac.o
LOAD ./Library/StdDriver/src/eadc.o
LOAD ./Library/StdDriver/src/ebi.o
LOAD ./Library/StdDriver/src/ecap.o
LOAD ./Library/StdDriver/src/emac.o
LOAD ./Library/StdDriver/src/epwm.o
LOAD ./Library/StdDriver/src/fmc.o
LOAD ./Library/StdDriver/src/gpio.o
LOAD ./Library/StdDriver/src/hsusbd.o
LOAD ./Library/StdDriver/src/i2c.o
LOAD ./Library/StdDriver/src/i2s.o
LOAD ./Library/StdDriver/src/pdma.o
LOAD ./Library/StdDriver/src/qei.o
LOAD ./Library/StdDriver/src/qspi.o
LOAD ./Library/StdDriver/src/retarget.o
LOAD ./Library/StdDriver/src/rtc.o
LOAD ./Library/StdDriver/src/sc.o
LOAD ./Library/StdDriver/src/scuart.o
LOAD ./Library/StdDriver/src/sdh.o
LOAD ./Library/StdDriver/src/spi.o
LOAD ./Library/StdDriver/src/spim.o
LOAD ./Library/StdDriver/src/sys.o
LOAD ./Library/StdDriver/src/timer.o
LOAD ./Library/StdDriver/src/timer_pwm.o
LOAD ./Library/StdDriver/src/trng.o
LOAD ./Library/StdDriver/src/uart.o
LOAD ./Library/StdDriver/src/usbd.o
LOAD ./Library/StdDriver/src/usci_i2c.o
LOAD ./Library/StdDriver/src/usci_spi.o
LOAD ./Library/StdDriver/src/usci_uart.o
LOAD ./Library/StdDriver/src/wdt.o
LOAD ./Library/StdDriver/src/wwdt.o
LOAD ./CMSIS/GCC/_syscalls.o
LOAD ./CMSIS/GCC/startup_M480.o
LOAD ./CMSIS/system_M480.o
START GROUP
LOAD c:/program files (x86)/gnu tools arm embedded/6 2017-q1-update/bin/../lib/gcc/arm-none-eabi/6.3.1/thumb/v7e-m/fpv4-sp/hard\libgcc.a
LOAD c:/program files (x86)/gnu tools arm embedded/6 2017-q1-update/bin/../lib/gcc/arm-none-eabi/6.3.1/../../../../arm-none-eabi/lib/thumb/v7e-m/fpv4-sp/hard\libg_nano.a
LOAD c:/program files (x86)/gnu tools arm embedded/6 2017-q1-update/bin/../lib/gcc/arm-none-eabi/6.3.1/../../../../arm-none-eabi/lib/thumb/v7e-m/fpv4-sp/hard\libc_nano.a
END GROUP
START GROUP
LOAD c:/program files (x86)/gnu tools arm embedded/6 2017-q1-update/bin/../lib/gcc/arm-none-eabi/6.3.1/thumb/v7e-m/fpv4-sp/hard\libgcc.a
LOAD c:/program files (x86)/gnu tools arm embedded/6 2017-q1-update/bin/../lib/gcc/arm-none-eabi/6.3.1/../../../../arm-none-eabi/lib/thumb/v7e-m/fpv4-sp/hard\libc_nano.a
END GROUP
LOAD c:/program files (x86)/gnu tools arm embedded/6 2017-q1-update/bin/../lib/gcc/arm-none-eabi/6.3.1/thumb/v7e-m/fpv4-sp/hard/crtend.o
LOAD c:/program files (x86)/gnu tools arm embedded/6 2017-q1-update/bin/../lib/gcc/arm-none-eabi/6.3.1/thumb/v7e-m/fpv4-sp/hard/crtn.o
START GROUP
LOAD c:/program files (x86)/gnu tools arm embedded/6 2017-q1-update/bin/../lib/gcc/arm-none-eabi/6.3.1/thumb/v7e-m/fpv4-sp/hard\libgcc.a
LOAD c:/program files (x86)/gnu tools arm embedded/6 2017-q1-update/bin/../lib/gcc/arm-none-eabi/6.3.1/../../../../arm-none-eabi/lib/thumb/v7e-m/fpv4-sp/hard\libc.a
LOAD c:/program files (x86)/gnu tools arm embedded/6 2017-q1-update/bin/../lib/gcc/arm-none-eabi/6.3.1/../../../../arm-none-eabi/lib/thumb/v7e-m/fpv4-sp/hard\libm.a
LOAD c:/program files (x86)/gnu tools arm embedded/6 2017-q1-update/bin/../lib/gcc/arm-none-eabi/6.3.1/../../../../arm-none-eabi/lib/thumb/v7e-m/fpv4-sp/hard\libnosys.a
END GROUP

.text           0x00000000     0x2164
 *(.vectors)
 .vectors       0x00000000      0x1f4 ./CMSIS/GCC/startup_M480.o
                0x00000000                __Vectors
                0x000001f4                __Vectors_End = .
                0x000001f4                __Vectors_Size = (__Vectors_End - __Vectors)
                0x000001f4                __end__ = .
 *(.text*)
 .text          0x000001f4       0x6c c:/program files (x86)/gnu tools arm embedded/6 2017-q1-update/bin/../lib/gcc/arm-none-eabi/6.3.1/thumb/v7e-m/fpv4-sp/hard/crtbegin.o
 .text          0x00000260       0x74 c:/program files (x86)/gnu tools arm embedded/6 2017-q1-update/bin/../lib/gcc/arm-none-eabi/6.3.1/../../../../arm-none-eabi/lib/thumb/v7e-m/fpv4-sp/hard/crt0.o
                0x00000260                _start
                0x00000260                _mainCRTStartup
 .text.SysTick_Handler
                0x000002d4       0x3c ./User/main.o
                0x000002d4                SysTick_Handler
 .text.SYS_Init
                0x00000310       0xb8 ./User/main.o
                0x00000310                SYS_Init
 .text.main     0x000003c8      0x10c ./User/main.o
                0x000003c8                main
 .text.update_button_states
                0x000004d4       0x28 ./User/user_sys.o
                0x000004d4                update_button_states
 .text.delay_ms
                0x000004fc       0x30 ./User/user_sys.o
                0x000004fc                delay_ms
 .text.init_UART1_DMA
                0x0000052c       0x64 ./User/user_sys.o
                0x0000052c                init_UART1_DMA
 .text.start_UART1_DMA_Xfer
                0x00000590       0x38 ./User/user_sys.o
                0x00000590                start_UART1_DMA_Xfer
 .text.CLK_EnableXtalRC
                0x000005c8       0x10 ./Library/StdDriver/src/clk.o
                0x000005c8                CLK_EnableXtalRC
 .text.CLK_DisablePLL
                0x000005d8       0x10 ./Library/StdDriver/src/clk.o
                0x000005d8                CLK_DisablePLL
 .text.CLK_WaitClockReady
                0x000005e8       0x28 ./Library/StdDriver/src/clk.o
                0x000005e8                CLK_WaitClockReady
 .text.CLK_SetHCLK
                0x00000610       0x4c ./Library/StdDriver/src/clk.o
                0x00000610                CLK_SetHCLK
 .text.CLK_GetPLLClockFreq
                0x0000065c       0x5c ./Library/StdDriver/src/clk.o
                0x0000065c                CLK_GetPLLClockFreq
 .text.CLK_EnablePLL
                0x000006b8      0x15c ./Library/StdDriver/src/clk.o
                0x000006b8                CLK_EnablePLL
 .text.CLK_SetCoreClock
                0x00000814       0x7c ./Library/StdDriver/src/clk.o
                0x00000814                CLK_SetCoreClock
 .text.GPIO_SetMode
                0x00000890       0x34 ./Library/StdDriver/src/gpio.o
                0x00000890                GPIO_SetMode
 .text.stackDump
                0x000008c4       0x68 ./Library/StdDriver/src/retarget.o
 .text.Hard_Fault_Handler
                0x0000092c       0x18 ./Library/StdDriver/src/retarget.o
                0x0000092c                Hard_Fault_Handler
 .text.HardFault_Handler
                0x00000944       0x24 ./Library/StdDriver/src/retarget.o
                0x00000944                HardFault_Handler
 .text._write   0x00000968       0x44 ./Library/StdDriver/src/retarget.o
                0x00000968                _write
 .text._read    0x000009ac       0x18 ./Library/StdDriver/src/retarget.o
                0x000009ac                _read
 .text.UART_Open
                0x000009c4      0x11c ./Library/StdDriver/src/uart.o
                0x000009c4                UART_Open
 .text._close   0x00000ae0       0x10 ./CMSIS/GCC/_syscalls.o
                0x00000ae0                _close
 .text._fstat   0x00000af0       0x10 ./CMSIS/GCC/_syscalls.o
                0x00000af0                _fstat
 .text._isatty  0x00000b00        0xe ./CMSIS/GCC/_syscalls.o
                0x00000b00                _isatty
 .text._lseek   0x00000b0e       0x10 ./CMSIS/GCC/_syscalls.o
                0x00000b0e                _lseek
 *fill*         0x00000b1e        0x2 
 .text          0x00000b20       0x68 ./CMSIS/GCC/startup_M480.o
                0x00000b20                Reset_Handler
                0x00000b84                BRAKE0_IRQHandler
                0x00000b84                SC2_IRQHandler
                0x00000b84                DebugMon_Handler
                0x00000b84                EPWM1P2_IRQHandler
                0x00000b84                ACMP01_IRQHandler
                0x00000b84                I2C0_IRQHandler
                0x00000b84                EMAC_RX_IRQHandler
                0x00000b84                SC0_IRQHandler
                0x00000b84                USCI0_IRQHandler
                0x00000b84                EADC13_IRQHandler
                0x00000b84                PendSV_Handler
                0x00000b84                NMI_Handler
                0x00000b84                I2C1_IRQHandler
                0x00000b84                EINT2_IRQHandler
                0x00000b84                UART1_IRQHandler
                0x00000b84                CAN1_IRQHandler
                0x00000b84                EINT3_IRQHandler
                0x00000b84                EADC01_IRQHandler
                0x00000b84                I2S0_IRQHandler
                0x00000b84                EINT6_IRQHandler
                0x00000b84                EPWM1P1_IRQHandler
                0x00000b84                UART0_IRQHandler
                0x00000b84                BRAKE1_IRQHandler
                0x00000b84                GPE_IRQHandler
                0x00000b84                EPWM1P0_IRQHandler
                0x00000b84                EADC03_IRQHandler
                0x00000b84                SDH1_IRQHandler
                0x00000b84                USBD_IRQHandler
                0x00000b84                EADC12_IRQHandler
                0x00000b84                UsageFault_Handler
                0x00000b84                EADC10_IRQHandler
                0x00000b84                GPB_IRQHandler
                0x00000b84                SPI1_IRQHandler
                0x00000b84                TAMPER_IRQHandler
                0x00000b84                TMR0_IRQHandler
                0x00000b84                USCI1_IRQHandler
                0x00000b84                SDH0_IRQHandler
                0x00000b84                QSPI0_IRQHandler
                0x00000b84                EPWM0P1_IRQHandler
                0x00000b84                GPA_IRQHandler
                0x00000b84                IRC_IRQHandler
                0x00000b84                I2C2_IRQHandler
                0x00000b84                EINT7_IRQHandler
                0x00000b84                EADC02_IRQHandler
                0x00000b84                RTC_IRQHandler
                0x00000b84                PWRWU_IRQHandler
                0x00000b84                EPWM0P2_IRQHandler
                0x00000b84                UART5_IRQHandler
                0x00000b84                BPWM1_IRQHandler
                0x00000b84                EINT1_IRQHandler
                0x00000b84                EADC11_IRQHandler
                0x00000b84                UART2_IRQHandler
                0x00000b84                EHCI_IRQHandler
                0x00000b84                GPH_IRQHandler
                0x00000b84                UART4_IRQHandler
                0x00000b84                GPC_IRQHandler
                0x00000b84                OHCI_IRQHandler
                0x00000b84                Default_Handler
                0x00000b84                QSPI1_IRQHandler
                0x00000b84                CKFAIL_IRQHandler
                0x00000b84                USBOTG20_IRQHandler
                0x00000b84                QEI1_IRQHandler
                0x00000b84                TMR2_IRQHandler
                0x00000b84                SPIM_IRQHandler
                0x00000b84                ECAP0_IRQHandler
                0x00000b84                QEI0_IRQHandler
                0x00000b84                BPWM0_IRQHandler
                0x00000b84                BOD_IRQHandler
                0x00000b84                SPI2_IRQHandler
                0x00000b84                MemManage_Handler
                0x00000b84                WDT_IRQHandler
                0x00000b84                SVC_Handler
                0x00000b84                USBOTG_IRQHandler
                0x00000b84                OPA0_IRQHandler
                0x00000b84                EINT4_IRQHandler
                0x00000b84                USBD20_IRQHandler
                0x00000b84                PDMA_IRQHandler
                0x00000b84                SC1_IRQHandler
                0x00000b84                RAMPE_IRQHandler
                0x00000b84                EPWM0P0_IRQHandler
                0x00000b84                EINT0_IRQHandler
                0x00000b84                EINT5_IRQHandler
                0x00000b84                CRYPTO_IRQHandler
                0x00000b84                GPG_IRQHandler
                0x00000b84                CAN0_IRQHandler
                0x00000b84                TMR3_IRQHandler
                0x00000b84                DAC_IRQHandler
                0x00000b84                EMAC_TX_IRQHandler
                0x00000b84                SPI0_IRQHandler
                0x00000b84                GPD_IRQHandler
                0x00000b84                UART7_IRQHandler
                0x00000b84                UART6_IRQHandler
                0x00000b84                CCAP_IRQHandler
                0x00000b84                ECAP1_IRQHandler
                0x00000b84                CAN2_IRQHandler
                0x00000b84                GPF_IRQHandler
                0x00000b84                BusFault_Handler
                0x00000b84                SPI3_IRQHandler
                0x00000b84                UART3_IRQHandler
                0x00000b84                TMR1_IRQHandler
                0x00000b84                TRNG_IRQHandler
                0x00000b84                WWDT_IRQHandler
                0x00000b84                EADC00_IRQHandler
 .text.SystemCoreClockUpdate
                0x00000b88       0x5c ./CMSIS/system_M480.o
                0x00000b88                SystemCoreClockUpdate
 .text.SystemInit
                0x00000be4       0x74 ./CMSIS/system_M480.o
                0x00000be4                SystemInit
 .text          0x00000c58       0x30 c:/program files (x86)/gnu tools arm embedded/6 2017-q1-update/bin/../lib/gcc/arm-none-eabi/6.3.1/thumb/v7e-m/fpv4-sp/hard\libgcc.a(_aeabi_uldivmod.o)
                0x00000c58                __aeabi_uldivmod
 .text          0x00000c88      0x2dc c:/program files (x86)/gnu tools arm embedded/6 2017-q1-update/bin/../lib/gcc/arm-none-eabi/6.3.1/thumb/v7e-m/fpv4-sp/hard\libgcc.a(_udivmoddi4.o)
                0x00000c88                __udivmoddi4
 .text          0x00000f64        0x4 c:/program files (x86)/gnu tools arm embedded/6 2017-q1-update/bin/../lib/gcc/arm-none-eabi/6.3.1/thumb/v7e-m/fpv4-sp/hard\libgcc.a(_dvmd_tls.o)
                0x00000f64                __aeabi_idiv0
                0x00000f64                __aeabi_ldiv0
 .text.__errno  0x00000f68        0xc c:/program files (x86)/gnu tools arm embedded/6 2017-q1-update/bin/../lib/gcc/arm-none-eabi/6.3.1/../../../../arm-none-eabi/lib/thumb/v7e-m/fpv4-sp/hard\libg_nano.a(lib_a-errno.o)
                0x00000f68                __errno
 .text.exit     0x00000f74       0x28 c:/program files (x86)/gnu tools arm embedded/6 2017-q1-update/bin/../lib/gcc/arm-none-eabi/6.3.1/../../../../arm-none-eabi/lib/thumb/v7e-m/fpv4-sp/hard\libg_nano.a(lib_a-exit.o)
                0x00000f74                exit
 .text.__libc_init_array
                0x00000f9c       0x48 c:/program files (x86)/gnu tools arm embedded/6 2017-q1-update/bin/../lib/gcc/arm-none-eabi/6.3.1/../../../../arm-none-eabi/lib/thumb/v7e-m/fpv4-sp/hard\libg_nano.a(lib_a-init.o)
                0x00000f9c                __libc_init_array
 .text.memset   0x00000fe4       0x10 c:/program files (x86)/gnu tools arm embedded/6 2017-q1-update/bin/../lib/gcc/arm-none-eabi/6.3.1/../../../../arm-none-eabi/lib/thumb/v7e-m/fpv4-sp/hard\libg_nano.a(lib_a-memset.o)
                0x00000fe4                memset
 .text.printf   0x00000ff4       0x30 c:/program files (x86)/gnu tools arm embedded/6 2017-q1-update/bin/../lib/gcc/arm-none-eabi/6.3.1/../../../../arm-none-eabi/lib/thumb/v7e-m/fpv4-sp/hard\libg_nano.a(lib_a-printf.o)
                0x00000ff4                iprintf
                0x00000ff4                printf
 .text._puts_r  0x00001024       0xb8 c:/program files (x86)/gnu tools arm embedded/6 2017-q1-update/bin/../lib/gcc/arm-none-eabi/6.3.1/../../../../arm-none-eabi/lib/thumb/v7e-m/fpv4-sp/hard\libg_nano.a(lib_a-puts.o)
                0x00001024                _puts_r
 .text.puts     0x000010dc       0x10 c:/program files (x86)/gnu tools arm embedded/6 2017-q1-update/bin/../lib/gcc/arm-none-eabi/6.3.1/../../../../arm-none-eabi/lib/thumb/v7e-m/fpv4-sp/hard\libg_nano.a(lib_a-puts.o)
                0x000010dc                puts
 .text.__swbuf_r
                0x000010ec       0xa4 c:/program files (x86)/gnu tools arm embedded/6 2017-q1-update/bin/../lib/gcc/arm-none-eabi/6.3.1/../../../../arm-none-eabi/lib/thumb/v7e-m/fpv4-sp/hard\libg_nano.a(lib_a-wbuf.o)
                0x000010ec                __swbuf_r
 .text.__swsetup_r
                0x00001190       0xdc c:/program files (x86)/gnu tools arm embedded/6 2017-q1-update/bin/../lib/gcc/arm-none-eabi/6.3.1/../../../../arm-none-eabi/lib/thumb/v7e-m/fpv4-sp/hard\libg_nano.a(lib_a-wsetup.o)
                0x00001190                __swsetup_r
 .text.__sflush_r
                0x0000126c      0x110 c:/program files (x86)/gnu tools arm embedded/6 2017-q1-update/bin/../lib/gcc/arm-none-eabi/6.3.1/../../../../arm-none-eabi/lib/thumb/v7e-m/fpv4-sp/hard\libg_nano.a(lib_a-fflush.o)
                0x0000126c                __sflush_r
 .text._fflush_r
                0x0000137c       0x54 c:/program files (x86)/gnu tools arm embedded/6 2017-q1-update/bin/../lib/gcc/arm-none-eabi/6.3.1/../../../../arm-none-eabi/lib/thumb/v7e-m/fpv4-sp/hard\libg_nano.a(lib_a-fflush.o)
                0x0000137c                _fflush_r
 .text._cleanup_r
                0x000013d0        0xc c:/program files (x86)/gnu tools arm embedded/6 2017-q1-update/bin/../lib/gcc/arm-none-eabi/6.3.1/../../../../arm-none-eabi/lib/thumb/v7e-m/fpv4-sp/hard\libg_nano.a(lib_a-findfp.o)
                0x000013d0                _cleanup_r
 .text.std.isra.0
                0x000013dc       0x48 c:/program files (x86)/gnu tools arm embedded/6 2017-q1-update/bin/../lib/gcc/arm-none-eabi/6.3.1/../../../../arm-none-eabi/lib/thumb/v7e-m/fpv4-sp/hard\libg_nano.a(lib_a-findfp.o)
 .text.__sfmoreglue
                0x00001424       0x2c c:/program files (x86)/gnu tools arm embedded/6 2017-q1-update/bin/../lib/gcc/arm-none-eabi/6.3.1/../../../../arm-none-eabi/lib/thumb/v7e-m/fpv4-sp/hard\libg_nano.a(lib_a-findfp.o)
                0x00001424                __sfmoreglue
 .text.__sinit  0x00001450       0x60 c:/program files (x86)/gnu tools arm embedded/6 2017-q1-update/bin/../lib/gcc/arm-none-eabi/6.3.1/../../../../arm-none-eabi/lib/thumb/v7e-m/fpv4-sp/hard\libg_nano.a(lib_a-findfp.o)
                0x00001450                __sinit
 .text.__sfp    0x000014b0       0x78 c:/program files (x86)/gnu tools arm embedded/6 2017-q1-update/bin/../lib/gcc/arm-none-eabi/6.3.1/../../../../arm-none-eabi/lib/thumb/v7e-m/fpv4-sp/hard\libg_nano.a(lib_a-findfp.o)
                0x000014b0                __sfp
 .text._fwalk_reent
                0x00001528       0x3c c:/program files (x86)/gnu tools arm embedded/6 2017-q1-update/bin/../lib/gcc/arm-none-eabi/6.3.1/../../../../arm-none-eabi/lib/thumb/v7e-m/fpv4-sp/hard\libg_nano.a(lib_a-fwalk.o)
                0x00001528                _fwalk_reent
 .text.__swhatbuf_r
                0x00001564       0x48 c:/program files (x86)/gnu tools arm embedded/6 2017-q1-update/bin/../lib/gcc/arm-none-eabi/6.3.1/../../../../arm-none-eabi/lib/thumb/v7e-m/fpv4-sp/hard\libg_nano.a(lib_a-makebuf.o)
                0x00001564                __swhatbuf_r
 .text.__smakebuf_r
                0x000015ac       0x80 c:/program files (x86)/gnu tools arm embedded/6 2017-q1-update/bin/../lib/gcc/arm-none-eabi/6.3.1/../../../../arm-none-eabi/lib/thumb/v7e-m/fpv4-sp/hard\libg_nano.a(lib_a-makebuf.o)
                0x000015ac                __smakebuf_r
 .text._free_r  0x0000162c       0x9c c:/program files (x86)/gnu tools arm embedded/6 2017-q1-update/bin/../lib/gcc/arm-none-eabi/6.3.1/../../../../arm-none-eabi/lib/thumb/v7e-m/fpv4-sp/hard\libg_nano.a(lib_a-nano-freer.o)
                0x0000162c                _free_r
 .text._malloc_r
                0x000016c8       0xbc c:/program files (x86)/gnu tools arm embedded/6 2017-q1-update/bin/../lib/gcc/arm-none-eabi/6.3.1/../../../../arm-none-eabi/lib/thumb/v7e-m/fpv4-sp/hard\libg_nano.a(lib_a-nano-mallocr.o)
                0x000016c8                _malloc_r
 .text.__sfputc_r
                0x00001784       0x30 c:/program files (x86)/gnu tools arm embedded/6 2017-q1-update/bin/../lib/gcc/arm-none-eabi/6.3.1/../../../../arm-none-eabi/lib/thumb/v7e-m/fpv4-sp/hard\libg_nano.a(lib_a-nano-vfprintf.o)
 .text.__sfputs_r
                0x000017b4       0x24 c:/program files (x86)/gnu tools arm embedded/6 2017-q1-update/bin/../lib/gcc/arm-none-eabi/6.3.1/../../../../arm-none-eabi/lib/thumb/v7e-m/fpv4-sp/hard\libg_nano.a(lib_a-nano-vfprintf.o)
                0x000017b4                __sfputs_r
 .text._vfprintf_r
                0x000017d8      0x22c c:/program files (x86)/gnu tools arm embedded/6 2017-q1-update/bin/../lib/gcc/arm-none-eabi/6.3.1/../../../../arm-none-eabi/lib/thumb/v7e-m/fpv4-sp/hard\libg_nano.a(lib_a-nano-vfprintf.o)
                0x000017d8                _vfprintf_r
                0x000017d8                _vfiprintf_r
 .text._printf_common
                0x00001a04       0xec c:/program files (x86)/gnu tools arm embedded/6 2017-q1-update/bin/../lib/gcc/arm-none-eabi/6.3.1/../../../../arm-none-eabi/lib/thumb/v7e-m/fpv4-sp/hard\libg_nano.a(lib_a-nano-vfprintf_i.o)
                0x00001a04                _printf_common
 .text._printf_i
                0x00001af0      0x240 c:/program files (x86)/gnu tools arm embedded/6 2017-q1-update/bin/../lib/gcc/arm-none-eabi/6.3.1/../../../../arm-none-eabi/lib/thumb/v7e-m/fpv4-sp/hard\libg_nano.a(lib_a-nano-vfprintf_i.o)
                0x00001af0                _printf_i
 .text._sbrk_r  0x00001d30       0x20 c:/program files (x86)/gnu tools arm embedded/6 2017-q1-update/bin/../lib/gcc/arm-none-eabi/6.3.1/../../../../arm-none-eabi/lib/thumb/v7e-m/fpv4-sp/hard\libg_nano.a(lib_a-sbrkr.o)
                0x00001d30                _sbrk_r
 .text.__sread  0x00001d50       0x22 c:/program files (x86)/gnu tools arm embedded/6 2017-q1-update/bin/../lib/gcc/arm-none-eabi/6.3.1/../../../../arm-none-eabi/lib/thumb/v7e-m/fpv4-sp/hard\libg_nano.a(lib_a-stdio.o)
                0x00001d50                __sread
 .text.__swrite
                0x00001d72       0x38 c:/program files (x86)/gnu tools arm embedded/6 2017-q1-update/bin/../lib/gcc/arm-none-eabi/6.3.1/../../../../arm-none-eabi/lib/thumb/v7e-m/fpv4-sp/hard\libg_nano.a(lib_a-stdio.o)
                0x00001d72                __swrite
 .text.__sseek  0x00001daa       0x24 c:/program files (x86)/gnu tools arm embedded/6 2017-q1-update/bin/../lib/gcc/arm-none-eabi/6.3.1/../../../../arm-none-eabi/lib/thumb/v7e-m/fpv4-sp/hard\libg_nano.a(lib_a-stdio.o)
                0x00001daa                __sseek
 .text.__sclose
                0x00001dce        0x8 c:/program files (x86)/gnu tools arm embedded/6 2017-q1-update/bin/../lib/gcc/arm-none-eabi/6.3.1/../../../../arm-none-eabi/lib/thumb/v7e-m/fpv4-sp/hard\libg_nano.a(lib_a-stdio.o)
                0x00001dce                __sclose
 *fill*         0x00001dd6        0x2 
 .text._write_r
                0x00001dd8       0x24 c:/program files (x86)/gnu tools arm embedded/6 2017-q1-update/bin/../lib/gcc/arm-none-eabi/6.3.1/../../../../arm-none-eabi/lib/thumb/v7e-m/fpv4-sp/hard\libg_nano.a(lib_a-writer.o)
                0x00001dd8                _write_r
 .text._close_r
                0x00001dfc       0x20 c:/program files (x86)/gnu tools arm embedded/6 2017-q1-update/bin/../lib/gcc/arm-none-eabi/6.3.1/../../../../arm-none-eabi/lib/thumb/v7e-m/fpv4-sp/hard\libg_nano.a(lib_a-closer.o)
                0x00001dfc                _close_r
 .text._fstat_r
                0x00001e1c       0x24 c:/program files (x86)/gnu tools arm embedded/6 2017-q1-update/bin/../lib/gcc/arm-none-eabi/6.3.1/../../../../arm-none-eabi/lib/thumb/v7e-m/fpv4-sp/hard\libg_nano.a(lib_a-fstatr.o)
                0x00001e1c                _fstat_r
 .text._isatty_r
                0x00001e40       0x20 c:/program files (x86)/gnu tools arm embedded/6 2017-q1-update/bin/../lib/gcc/arm-none-eabi/6.3.1/../../../../arm-none-eabi/lib/thumb/v7e-m/fpv4-sp/hard\libg_nano.a(lib_a-isattyr.o)
                0x00001e40                _isatty_r
 .text._lseek_r
                0x00001e60       0x24 c:/program files (x86)/gnu tools arm embedded/6 2017-q1-update/bin/../lib/gcc/arm-none-eabi/6.3.1/../../../../arm-none-eabi/lib/thumb/v7e-m/fpv4-sp/hard\libg_nano.a(lib_a-lseekr.o)
                0x00001e60                _lseek_r
 *fill*         0x00001e84        0xc 
 .text          0x00001e90       0xa0 c:/program files (x86)/gnu tools arm embedded/6 2017-q1-update/bin/../lib/gcc/arm-none-eabi/6.3.1/../../../../arm-none-eabi/lib/thumb/v7e-m/fpv4-sp/hard\libg_nano.a(lib_a-memchr.o)
                0x00001e90                memchr
 .text.__malloc_lock
                0x00001f30        0x2 c:/program files (x86)/gnu tools arm embedded/6 2017-q1-update/bin/../lib/gcc/arm-none-eabi/6.3.1/../../../../arm-none-eabi/lib/thumb/v7e-m/fpv4-sp/hard\libg_nano.a(lib_a-mlock.o)
                0x00001f30                __malloc_lock
 .text.__malloc_unlock
                0x00001f32        0x2 c:/program files (x86)/gnu tools arm embedded/6 2017-q1-update/bin/../lib/gcc/arm-none-eabi/6.3.1/../../../../arm-none-eabi/lib/thumb/v7e-m/fpv4-sp/hard\libg_nano.a(lib_a-mlock.o)
                0x00001f32                __malloc_unlock
 .text._read_r  0x00001f34       0x24 c:/program files (x86)/gnu tools arm embedded/6 2017-q1-update/bin/../lib/gcc/arm-none-eabi/6.3.1/../../../../arm-none-eabi/lib/thumb/v7e-m/fpv4-sp/hard\libg_nano.a(lib_a-readr.o)
                0x00001f34                _read_r
 .text._sbrk    0x00001f58       0x1c c:/program files (x86)/gnu tools arm embedded/6 2017-q1-update/bin/../lib/gcc/arm-none-eabi/6.3.1/../../../../arm-none-eabi/lib/thumb/v7e-m/fpv4-sp/hard\libnosys.a(sbrk.o)
                0x00001f58                _sbrk
 .text._exit    0x00001f74        0x4 c:/program files (x86)/gnu tools arm embedded/6 2017-q1-update/bin/../lib/gcc/arm-none-eabi/6.3.1/../../../../arm-none-eabi/lib/thumb/v7e-m/fpv4-sp/hard\libnosys.a(_exit.o)
                0x00001f74                _exit
 *(.init)
 .init          0x00001f78        0x4 c:/program files (x86)/gnu tools arm embedded/6 2017-q1-update/bin/../lib/gcc/arm-none-eabi/6.3.1/thumb/v7e-m/fpv4-sp/hard/crti.o
                0x00001f78                _init
 .init          0x00001f7c        0x8 c:/program files (x86)/gnu tools arm embedded/6 2017-q1-update/bin/../lib/gcc/arm-none-eabi/6.3.1/thumb/v7e-m/fpv4-sp/hard/crtn.o
 *(.fini)
 .fini          0x00001f84        0x4 c:/program files (x86)/gnu tools arm embedded/6 2017-q1-update/bin/../lib/gcc/arm-none-eabi/6.3.1/thumb/v7e-m/fpv4-sp/hard/crti.o
                0x00001f84                _fini
 .fini          0x00001f88        0x8 c:/program files (x86)/gnu tools arm embedded/6 2017-q1-update/bin/../lib/gcc/arm-none-eabi/6.3.1/thumb/v7e-m/fpv4-sp/hard/crtn.o
 *crtbegin.o(.ctors)
 *crtbegin?.o(.ctors)
 *(EXCLUDE_FILE(*crtend.o *crtend?.o) .ctors)
 *(SORT(.ctors.*))
 *(.ctors)
 *crtbegin.o(.dtors)
 *crtbegin?.o(.dtors)
 *(EXCLUDE_FILE(*crtend.o *crtend?.o) .dtors)
 *(SORT(.dtors.*))
 *(.dtors)
 *(.rodata*)
 .rodata.clear_screen.10941
                0x00001f90        0x5 ./User/main.o
 *fill*         0x00001f95        0x3 
 .rodata.main.str1.4
                0x00001f98       0x22 ./User/main.o
 *fill*         0x00001fba        0x2 
 .rodata.string.10937
                0x00001fbc       0x19 ./User/main.o
 *fill*         0x00001fd5        0x3 
 .rodata.string2.10939
                0x00001fd8       0x20 ./User/main.o
 .rodata.init_str.10941
                0x00001ff8       0x24 ./User/user_sys.o
 .rodata        0x0000201c       0x24 ./Library/StdDriver/src/clk.o
 .rodata.Hard_Fault_Handler.str1.4
                0x00002040       0x16 ./Library/StdDriver/src/retarget.o
 *fill*         0x00002056        0x2 
 .rodata.stackDump.str1.4
                0x00002058       0x60 ./Library/StdDriver/src/retarget.o
 .rodata        0x000020b8       0x10 ./Library/StdDriver/src/uart.o
 .rodata._global_impure_ptr
                0x000020c8        0x4 c:/program files (x86)/gnu tools arm embedded/6 2017-q1-update/bin/../lib/gcc/arm-none-eabi/6.3.1/../../../../arm-none-eabi/lib/thumb/v7e-m/fpv4-sp/hard\libg_nano.a(lib_a-impure.o)
                0x000020c8                _global_impure_ptr
 .rodata.__sf_fake_stderr
                0x000020cc       0x20 c:/program files (x86)/gnu tools arm embedded/6 2017-q1-update/bin/../lib/gcc/arm-none-eabi/6.3.1/../../../../arm-none-eabi/lib/thumb/v7e-m/fpv4-sp/hard\libg_nano.a(lib_a-findfp.o)
                0x000020cc                __sf_fake_stderr
 .rodata.__sf_fake_stdin
                0x000020ec       0x20 c:/program files (x86)/gnu tools arm embedded/6 2017-q1-update/bin/../lib/gcc/arm-none-eabi/6.3.1/../../../../arm-none-eabi/lib/thumb/v7e-m/fpv4-sp/hard\libg_nano.a(lib_a-findfp.o)
                0x000020ec                __sf_fake_stdin
 .rodata.__sf_fake_stdout
                0x0000210c       0x20 c:/program files (x86)/gnu tools arm embedded/6 2017-q1-update/bin/../lib/gcc/arm-none-eabi/6.3.1/../../../../arm-none-eabi/lib/thumb/v7e-m/fpv4-sp/hard\libg_nano.a(lib_a-findfp.o)
                0x0000210c                __sf_fake_stdout
 .rodata._vfprintf_r.str1.1
                0x0000212c       0x11 c:/program files (x86)/gnu tools arm embedded/6 2017-q1-update/bin/../lib/gcc/arm-none-eabi/6.3.1/../../../../arm-none-eabi/lib/thumb/v7e-m/fpv4-sp/hard\libg_nano.a(lib_a-nano-vfprintf.o)
 .rodata._printf_i.str1.1
                0x0000213d       0x22 c:/program files (x86)/gnu tools arm embedded/6 2017-q1-update/bin/../lib/gcc/arm-none-eabi/6.3.1/../../../../arm-none-eabi/lib/thumb/v7e-m/fpv4-sp/hard\libg_nano.a(lib_a-nano-vfprintf_i.o)
 *(.eh_frame*)
 *fill*         0x0000215f        0x1 
 .eh_frame      0x00002160        0x0 c:/program files (x86)/gnu tools arm embedded/6 2017-q1-update/bin/../lib/gcc/arm-none-eabi/6.3.1/thumb/v7e-m/fpv4-sp/hard/crtbegin.o
 .eh_frame      0x00002160        0x4 c:/program files (x86)/gnu tools arm embedded/6 2017-q1-update/bin/../lib/gcc/arm-none-eabi/6.3.1/thumb/v7e-m/fpv4-sp/hard/crtend.o

.glue_7         0x00002164        0x0
 .glue_7        0x00002164        0x0 linker stubs

.glue_7t        0x00002164        0x0
 .glue_7t       0x00002164        0x0 linker stubs

.vfp11_veneer   0x00002164        0x0
 .vfp11_veneer  0x00002164        0x0 linker stubs

.v4_bx          0x00002164        0x0
 .v4_bx         0x00002164        0x0 linker stubs

.iplt           0x00002164        0x0
 .iplt          0x00002164        0x0 c:/program files (x86)/gnu tools arm embedded/6 2017-q1-update/bin/../lib/gcc/arm-none-eabi/6.3.1/thumb/v7e-m/fpv4-sp/hard/crtbegin.o

.ARM.extab
 *(.ARM.extab* .gnu.linkonce.armextab.*)
                0x00002164                __exidx_start = .

.ARM.exidx      0x00002164        0x8
 *(.ARM.exidx* .gnu.linkonce.armexidx.*)
 .ARM.exidx     0x00002164        0x8 c:/program files (x86)/gnu tools arm embedded/6 2017-q1-update/bin/../lib/gcc/arm-none-eabi/6.3.1/../../../../arm-none-eabi/lib/thumb/v7e-m/fpv4-sp/hard/crt0.o
 .ARM.exidx     0x0000216c        0x0 c:/program files (x86)/gnu tools arm embedded/6 2017-q1-update/bin/../lib/gcc/arm-none-eabi/6.3.1/thumb/v7e-m/fpv4-sp/hard\libgcc.a(_udivmoddi4.o)
                                  0x8 (size before relaxing)
                0x0000216c                __exidx_end = .
                0x0000216c                __etext = .

.rel.dyn        0x0000216c        0x0
 .rel.iplt      0x0000216c        0x0 c:/program files (x86)/gnu tools arm embedded/6 2017-q1-update/bin/../lib/gcc/arm-none-eabi/6.3.1/thumb/v7e-m/fpv4-sp/hard/crtbegin.o

.data           0x20000000       0x9c load address 0x0000216c
                0x20000000                __data_start__ = .
 *(vtable)
 *(.data*)
 .data.CyclesPerUs
                0x20000000        0x4 ./CMSIS/system_M480.o
                0x20000000                CyclesPerUs
 .data.PllClock
                0x20000004        0x4 ./CMSIS/system_M480.o
                0x20000004                PllClock
 .data.SystemCoreClock
                0x20000008        0x4 ./CMSIS/system_M480.o
                0x20000008                SystemCoreClock
 .data.gau32ClkSrcTbl
                0x2000000c       0x20 ./CMSIS/system_M480.o
                0x2000000c                gau32ClkSrcTbl
 .data._impure_ptr
                0x2000002c        0x4 c:/program files (x86)/gnu tools arm embedded/6 2017-q1-update/bin/../lib/gcc/arm-none-eabi/6.3.1/../../../../arm-none-eabi/lib/thumb/v7e-m/fpv4-sp/hard\libg_nano.a(lib_a-impure.o)
                0x2000002c                _impure_ptr
 .data.impure_data
                0x20000030       0x60 c:/program files (x86)/gnu tools arm embedded/6 2017-q1-update/bin/../lib/gcc/arm-none-eabi/6.3.1/../../../../arm-none-eabi/lib/thumb/v7e-m/fpv4-sp/hard\libg_nano.a(lib_a-impure.o)
                0x20000090                . = ALIGN (0x4)
                0x20000090                PROVIDE (__preinit_array_start, .)
 *(.preinit_array)
                0x20000090                PROVIDE (__preinit_array_end, .)
                0x20000090                . = ALIGN (0x4)
                0x20000090                PROVIDE (__init_array_start, .)
 *(SORT(.init_array.*))
 *(.init_array)
 .init_array    0x20000090        0x4 c:/program files (x86)/gnu tools arm embedded/6 2017-q1-update/bin/../lib/gcc/arm-none-eabi/6.3.1/thumb/v7e-m/fpv4-sp/hard/crtbegin.o
                0x20000094                PROVIDE (__init_array_end, .)
                0x20000094                . = ALIGN (0x4)
                [!provide]                PROVIDE (__fini_array_start, .)
 *(SORT(.fini_array.*))
 *(.fini_array)
 .fini_array    0x20000094        0x4 c:/program files (x86)/gnu tools arm embedded/6 2017-q1-update/bin/../lib/gcc/arm-none-eabi/6.3.1/thumb/v7e-m/fpv4-sp/hard/crtbegin.o
                [!provide]                PROVIDE (__fini_array_end, .)
 *(.jcr*)
 .jcr           0x20000098        0x0 c:/program files (x86)/gnu tools arm embedded/6 2017-q1-update/bin/../lib/gcc/arm-none-eabi/6.3.1/thumb/v7e-m/fpv4-sp/hard/crtbegin.o
 .jcr           0x20000098        0x4 c:/program files (x86)/gnu tools arm embedded/6 2017-q1-update/bin/../lib/gcc/arm-none-eabi/6.3.1/thumb/v7e-m/fpv4-sp/hard/crtend.o
                0x2000009c                . = ALIGN (0x4)
                0x2000009c                __data_end__ = .

.igot.plt       0x2000009c        0x0 load address 0x00002208
 .igot.plt      0x2000009c        0x0 c:/program files (x86)/gnu tools arm embedded/6 2017-q1-update/bin/../lib/gcc/arm-none-eabi/6.3.1/thumb/v7e-m/fpv4-sp/hard/crtbegin.o

.bss            0x200000a0       0x38 load address 0x00002210
                0x200000a0                . = ALIGN (0x4)
                0x200000a0                __bss_start__ = .
 *(.bss*)
 .bss           0x200000a0       0x1c c:/program files (x86)/gnu tools arm embedded/6 2017-q1-update/bin/../lib/gcc/arm-none-eabi/6.3.1/thumb/v7e-m/fpv4-sp/hard/crtbegin.o
 *fill*         0x200000bc        0x4 
 .bss.g_SysTickIntCnt
                0x200000c0        0x8 ./User/main.o
                0x200000c0                g_SysTickIntCnt
 .bss.__malloc_free_list
                0x200000c8        0x4 c:/program files (x86)/gnu tools arm embedded/6 2017-q1-update/bin/../lib/gcc/arm-none-eabi/6.3.1/../../../../arm-none-eabi/lib/thumb/v7e-m/fpv4-sp/hard\libg_nano.a(lib_a-nano-mallocr.o)
                0x200000c8                __malloc_free_list
 .bss.__malloc_sbrk_start
                0x200000cc        0x4 c:/program files (x86)/gnu tools arm embedded/6 2017-q1-update/bin/../lib/gcc/arm-none-eabi/6.3.1/../../../../arm-none-eabi/lib/thumb/v7e-m/fpv4-sp/hard\libg_nano.a(lib_a-nano-mallocr.o)
                0x200000cc                __malloc_sbrk_start
 .bss.heap_end.5239
                0x200000d0        0x4 c:/program files (x86)/gnu tools arm embedded/6 2017-q1-update/bin/../lib/gcc/arm-none-eabi/6.3.1/../../../../arm-none-eabi/lib/thumb/v7e-m/fpv4-sp/hard\libnosys.a(sbrk.o)
 *(COMMON)
 COMMON         0x200000d4        0x4 ./CMSIS/GCC/_syscalls.o
                0x200000d4                errno
                0x200000d8                . = ALIGN (0x4)
                0x200000d8                __bss_end__ = .

.heap           0x200000d8      0x100
                0x200000d8                __HeapBase = .
                0x200000d8                __end__ = .
                0x200000d8                end = __end__
 *(.heap*)
 .heap          0x200000d8      0x100 ./CMSIS/GCC/startup_M480.o
                0x200001d8                __HeapLimit = .

.stack_dummy    0x200000d8      0x800
 *(.stack*)
 .stack         0x200000d8      0x800 ./CMSIS/GCC/startup_M480.o
                0x20028000                __StackTop = (ORIGIN (RAM) + LENGTH (RAM))
                0x20027800                __StackLimit = (__StackTop - SIZEOF (.stack_dummy))
                0x20028000                PROVIDE (__stack, __StackTop)
                0x00000001                ASSERT ((__StackLimit >= __HeapLimit), region RAM overflowed with stack)
OUTPUT(Test_UART.elf elf32-littlearm)

.ARM.attributes
                0x00000000       0x30
 .ARM.attributes
                0x00000000       0x22 c:/program files (x86)/gnu tools arm embedded/6 2017-q1-update/bin/../lib/gcc/arm-none-eabi/6.3.1/thumb/v7e-m/fpv4-sp/hard/crti.o
 .ARM.attributes
                0x00000022       0x34 c:/program files (x86)/gnu tools arm embedded/6 2017-q1-update/bin/../lib/gcc/arm-none-eabi/6.3.1/thumb/v7e-m/fpv4-sp/hard/crtbegin.o
 .ARM.attributes
                0x00000056       0x20 c:/program files (x86)/gnu tools arm embedded/6 2017-q1-update/bin/../lib/gcc/arm-none-eabi/6.3.1/../../../../arm-none-eabi/lib/thumb/v7e-m/fpv4-sp/hard/crt0.o
 .ARM.attributes
                0x00000076       0x39 ./User/main.o
 .ARM.attributes
                0x000000af       0x39 ./User/user_sys.o
 .ARM.attributes
                0x000000e8       0x39 ./Library/StdDriver/src/clk.o
 .ARM.attributes
                0x00000121       0x39 ./Library/StdDriver/src/gpio.o
 .ARM.attributes
                0x0000015a       0x39 ./Library/StdDriver/src/retarget.o
 .ARM.attributes
                0x00000193       0x39 ./Library/StdDriver/src/uart.o
 .ARM.attributes
                0x000001cc       0x39 ./CMSIS/GCC/_syscalls.o
 .ARM.attributes
                0x00000205       0x1f ./CMSIS/GCC/startup_M480.o
 .ARM.attributes
                0x00000224       0x39 ./CMSIS/system_M480.o
 .ARM.attributes
                0x0000025d       0x22 c:/program files (x86)/gnu tools arm embedded/6 2017-q1-update/bin/../lib/gcc/arm-none-eabi/6.3.1/thumb/v7e-m/fpv4-sp/hard\libgcc.a(_aeabi_uldivmod.o)
 .ARM.attributes
                0x0000027f       0x34 c:/program files (x86)/gnu tools arm embedded/6 2017-q1-update/bin/../lib/gcc/arm-none-eabi/6.3.1/thumb/v7e-m/fpv4-sp/hard\libgcc.a(_udivmoddi4.o)
 .ARM.attributes
                0x000002b3       0x22 c:/program files (x86)/gnu tools arm embedded/6 2017-q1-update/bin/../lib/gcc/arm-none-eabi/6.3.1/thumb/v7e-m/fpv4-sp/hard\libgcc.a(_dvmd_tls.o)
 .ARM.attributes
                0x000002d5       0x34 c:/program files (x86)/gnu tools arm embedded/6 2017-q1-update/bin/../lib/gcc/arm-none-eabi/6.3.1/../../../../arm-none-eabi/lib/thumb/v7e-m/fpv4-sp/hard\libg_nano.a(lib_a-errno.o)
 .ARM.attributes
                0x00000309       0x34 c:/program files (x86)/gnu tools arm embedded/6 2017-q1-update/bin/../lib/gcc/arm-none-eabi/6.3.1/../../../../arm-none-eabi/lib/thumb/v7e-m/fpv4-sp/hard\libg_nano.a(lib_a-exit.o)
 .ARM.attributes
                0x0000033d       0x34 c:/program files (x86)/gnu tools arm embedded/6 2017-q1-update/bin/../lib/gcc/arm-none-eabi/6.3.1/../../../../arm-none-eabi/lib/thumb/v7e-m/fpv4-sp/hard\libg_nano.a(lib_a-impure.o)
 .ARM.attributes
                0x00000371       0x34 c:/program files (x86)/gnu tools arm embedded/6 2017-q1-update/bin/../lib/gcc/arm-none-eabi/6.3.1/../../../../arm-none-eabi/lib/thumb/v7e-m/fpv4-sp/hard\libg_nano.a(lib_a-init.o)
 .ARM.attributes
                0x000003a5       0x34 c:/program files (x86)/gnu tools arm embedded/6 2017-q1-update/bin/../lib/gcc/arm-none-eabi/6.3.1/../../../../arm-none-eabi/lib/thumb/v7e-m/fpv4-sp/hard\libg_nano.a(lib_a-memset.o)
 .ARM.attributes
                0x000003d9       0x34 c:/program files (x86)/gnu tools arm embedded/6 2017-q1-update/bin/../lib/gcc/arm-none-eabi/6.3.1/../../../../arm-none-eabi/lib/thumb/v7e-m/fpv4-sp/hard\libg_nano.a(lib_a-printf.o)
 .ARM.attributes
                0x0000040d       0x34 c:/program files (x86)/gnu tools arm embedded/6 2017-q1-update/bin/../lib/gcc/arm-none-eabi/6.3.1/../../../../arm-none-eabi/lib/thumb/v7e-m/fpv4-sp/hard\libg_nano.a(lib_a-puts.o)
 .ARM.attributes
                0x00000441       0x34 c:/program files (x86)/gnu tools arm embedded/6 2017-q1-update/bin/../lib/gcc/arm-none-eabi/6.3.1/../../../../arm-none-eabi/lib/thumb/v7e-m/fpv4-sp/hard\libg_nano.a(lib_a-wbuf.o)
 .ARM.attributes
                0x00000475       0x34 c:/program files (x86)/gnu tools arm embedded/6 2017-q1-update/bin/../lib/gcc/arm-none-eabi/6.3.1/../../../../arm-none-eabi/lib/thumb/v7e-m/fpv4-sp/hard\libg_nano.a(lib_a-wsetup.o)
 .ARM.attributes
                0x000004a9       0x34 c:/program files (x86)/gnu tools arm embedded/6 2017-q1-update/bin/../lib/gcc/arm-none-eabi/6.3.1/../../../../arm-none-eabi/lib/thumb/v7e-m/fpv4-sp/hard\libg_nano.a(lib_a-fflush.o)
 .ARM.attributes
                0x000004dd       0x34 c:/program files (x86)/gnu tools arm embedded/6 2017-q1-update/bin/../lib/gcc/arm-none-eabi/6.3.1/../../../../arm-none-eabi/lib/thumb/v7e-m/fpv4-sp/hard\libg_nano.a(lib_a-findfp.o)
 .ARM.attributes
                0x00000511       0x34 c:/program files (x86)/gnu tools arm embedded/6 2017-q1-update/bin/../lib/gcc/arm-none-eabi/6.3.1/../../../../arm-none-eabi/lib/thumb/v7e-m/fpv4-sp/hard\libg_nano.a(lib_a-fwalk.o)
 .ARM.attributes
                0x00000545       0x34 c:/program files (x86)/gnu tools arm embedded/6 2017-q1-update/bin/../lib/gcc/arm-none-eabi/6.3.1/../../../../arm-none-eabi/lib/thumb/v7e-m/fpv4-sp/hard\libg_nano.a(lib_a-makebuf.o)
 .ARM.attributes
                0x00000579       0x34 c:/program files (x86)/gnu tools arm embedded/6 2017-q1-update/bin/../lib/gcc/arm-none-eabi/6.3.1/../../../../arm-none-eabi/lib/thumb/v7e-m/fpv4-sp/hard\libg_nano.a(lib_a-nano-freer.o)
 .ARM.attributes
                0x000005ad       0x34 c:/program files (x86)/gnu tools arm embedded/6 2017-q1-update/bin/../lib/gcc/arm-none-eabi/6.3.1/../../../../arm-none-eabi/lib/thumb/v7e-m/fpv4-sp/hard\libg_nano.a(lib_a-nano-mallocr.o)
 .ARM.attributes
                0x000005e1       0x34 c:/program files (x86)/gnu tools arm embedded/6 2017-q1-update/bin/../lib/gcc/arm-none-eabi/6.3.1/../../../../arm-none-eabi/lib/thumb/v7e-m/fpv4-sp/hard\libg_nano.a(lib_a-nano-vfprintf.o)
 .ARM.attributes
                0x00000615       0x34 c:/program files (x86)/gnu tools arm embedded/6 2017-q1-update/bin/../lib/gcc/arm-none-eabi/6.3.1/../../../../arm-none-eabi/lib/thumb/v7e-m/fpv4-sp/hard\libg_nano.a(lib_a-nano-vfprintf_i.o)
 .ARM.attributes
                0x00000649       0x34 c:/program files (x86)/gnu tools arm embedded/6 2017-q1-update/bin/../lib/gcc/arm-none-eabi/6.3.1/../../../../arm-none-eabi/lib/thumb/v7e-m/fpv4-sp/hard\libg_nano.a(lib_a-sbrkr.o)
 .ARM.attributes
                0x0000067d       0x34 c:/program files (x86)/gnu tools arm embedded/6 2017-q1-update/bin/../lib/gcc/arm-none-eabi/6.3.1/../../../../arm-none-eabi/lib/thumb/v7e-m/fpv4-sp/hard\libg_nano.a(lib_a-stdio.o)
 .ARM.attributes
                0x000006b1       0x34 c:/program files (x86)/gnu tools arm embedded/6 2017-q1-update/bin/../lib/gcc/arm-none-eabi/6.3.1/../../../../arm-none-eabi/lib/thumb/v7e-m/fpv4-sp/hard\libg_nano.a(lib_a-writer.o)
 .ARM.attributes
                0x000006e5       0x34 c:/program files (x86)/gnu tools arm embedded/6 2017-q1-update/bin/../lib/gcc/arm-none-eabi/6.3.1/../../../../arm-none-eabi/lib/thumb/v7e-m/fpv4-sp/hard\libg_nano.a(lib_a-closer.o)
 .ARM.attributes
                0x00000719       0x34 c:/program files (x86)/gnu tools arm embedded/6 2017-q1-update/bin/../lib/gcc/arm-none-eabi/6.3.1/../../../../arm-none-eabi/lib/thumb/v7e-m/fpv4-sp/hard\libg_nano.a(lib_a-fstatr.o)
 .ARM.attributes
                0x0000074d       0x34 c:/program files (x86)/gnu tools arm embedded/6 2017-q1-update/bin/../lib/gcc/arm-none-eabi/6.3.1/../../../../arm-none-eabi/lib/thumb/v7e-m/fpv4-sp/hard\libg_nano.a(lib_a-isattyr.o)
 .ARM.attributes
                0x00000781       0x34 c:/program files (x86)/gnu tools arm embedded/6 2017-q1-update/bin/../lib/gcc/arm-none-eabi/6.3.1/../../../../arm-none-eabi/lib/thumb/v7e-m/fpv4-sp/hard\libg_nano.a(lib_a-lseekr.o)
 .ARM.attributes
                0x000007b5       0x20 c:/program files (x86)/gnu tools arm embedded/6 2017-q1-update/bin/../lib/gcc/arm-none-eabi/6.3.1/../../../../arm-none-eabi/lib/thumb/v7e-m/fpv4-sp/hard\libg_nano.a(lib_a-memchr.o)
 .ARM.attributes
                0x000007d5       0x34 c:/program files (x86)/gnu tools arm embedded/6 2017-q1-update/bin/../lib/gcc/arm-none-eabi/6.3.1/../../../../arm-none-eabi/lib/thumb/v7e-m/fpv4-sp/hard\libg_nano.a(lib_a-mlock.o)
 .ARM.attributes
                0x00000809       0x34 c:/program files (x86)/gnu tools arm embedded/6 2017-q1-update/bin/../lib/gcc/arm-none-eabi/6.3.1/../../../../arm-none-eabi/lib/thumb/v7e-m/fpv4-sp/hard\libg_nano.a(lib_a-readr.o)
 .ARM.attributes
                0x0000083d       0x34 c:/program files (x86)/gnu tools arm embedded/6 2017-q1-update/bin/../lib/gcc/arm-none-eabi/6.3.1/thumb/v7e-m/fpv4-sp/hard/crtend.o
 .ARM.attributes
                0x00000871       0x22 c:/program files (x86)/gnu tools arm embedded/6 2017-q1-update/bin/../lib/gcc/arm-none-eabi/6.3.1/thumb/v7e-m/fpv4-sp/hard/crtn.o
 .ARM.attributes
                0x00000893       0x34 c:/program files (x86)/gnu tools arm embedded/6 2017-q1-update/bin/../lib/gcc/arm-none-eabi/6.3.1/../../../../arm-none-eabi/lib/thumb/v7e-m/fpv4-sp/hard\libnosys.a(sbrk.o)
 .ARM.attributes
                0x000008c7       0x34 c:/program files (x86)/gnu tools arm embedded/6 2017-q1-update/bin/../lib/gcc/arm-none-eabi/6.3.1/../../../../arm-none-eabi/lib/thumb/v7e-m/fpv4-sp/hard\libnosys.a(_exit.o)

.comment        0x00000000       0x7f
 .comment       0x00000000       0x7f ./User/main.o
                                 0x80 (size before relaxing)
 .comment       0x0000007f       0x80 ./User/user_sys.o
 .comment       0x0000007f       0x80 ./Library/StdDriver/src/clk.o
 .comment       0x0000007f       0x80 ./Library/StdDriver/src/gpio.o
 .comment       0x0000007f       0x80 ./Library/StdDriver/src/retarget.o
 .comment       0x0000007f       0x80 ./Library/StdDriver/src/uart.o
 .comment       0x0000007f       0x80 ./CMSIS/GCC/_syscalls.o
 .comment       0x0000007f       0x80 ./CMSIS/system_M480.o

.debug_info     0x00000000     0xa3e3
 .debug_info    0x00000000     0x1d1f ./User/main.o
 .debug_info    0x00001d1f     0x1207 ./User/user_sys.o
 .debug_info    0x00002f26     0x1c44 ./Library/StdDriver/src/clk.o
 .debug_info    0x00004b6a      0xdde ./Library/StdDriver/src/gpio.o
 .debug_info    0x00005948     0x1026 ./Library/StdDriver/src/retarget.o
 .debug_info    0x0000696e     0x137f ./Library/StdDriver/src/uart.o
 .debug_info    0x00007ced     0x11bb ./CMSIS/GCC/_syscalls.o
 .debug_info    0x00008ea8       0x69 ./CMSIS/GCC/startup_M480.o
 .debug_info    0x00008f11     0x14d2 ./CMSIS/system_M480.o

.debug_abbrev   0x00000000     0x15c9
 .debug_abbrev  0x00000000      0x362 ./User/main.o
 .debug_abbrev  0x00000362      0x255 ./User/user_sys.o
 .debug_abbrev  0x000005b7      0x351 ./Library/StdDriver/src/clk.o
 .debug_abbrev  0x00000908      0x206 ./Library/StdDriver/src/gpio.o
 .debug_abbrev  0x00000b0e      0x340 ./Library/StdDriver/src/retarget.o
 .debug_abbrev  0x00000e4e      0x29a ./Library/StdDriver/src/uart.o
 .debug_abbrev  0x000010e8      0x289 ./CMSIS/GCC/_syscalls.o
 .debug_abbrev  0x00001371       0x14 ./CMSIS/GCC/startup_M480.o
 .debug_abbrev  0x00001385      0x244 ./CMSIS/system_M480.o

.debug_loc      0x00000000     0x1b2e
 .debug_loc     0x00000000       0x59 ./User/main.o
 .debug_loc     0x00000059       0x21 ./User/user_sys.o
 .debug_loc     0x0000007a      0xaa9 ./Library/StdDriver/src/clk.o
 .debug_loc     0x00000b23       0xc0 ./Library/StdDriver/src/gpio.o
 .debug_loc     0x00000be3      0x179 ./Library/StdDriver/src/retarget.o
 .debug_loc     0x00000d5c      0x850 ./Library/StdDriver/src/uart.o
 .debug_loc     0x000015ac      0x549 ./CMSIS/GCC/_syscalls.o
 .debug_loc     0x00001af5       0x39 ./CMSIS/system_M480.o

.debug_aranges  0x00000000      0x3c0
 .debug_aranges
                0x00000000       0x30 ./User/main.o
 .debug_aranges
                0x00000030       0x38 ./User/user_sys.o
 .debug_aranges
                0x00000068      0x108 ./Library/StdDriver/src/clk.o
 .debug_aranges
                0x00000170       0x40 ./Library/StdDriver/src/gpio.o
 .debug_aranges
                0x000001b0       0x70 ./Library/StdDriver/src/retarget.o
 .debug_aranges
                0x00000220       0x88 ./Library/StdDriver/src/uart.o
 .debug_aranges
                0x000002a8       0xd0 ./CMSIS/GCC/_syscalls.o
 .debug_aranges
                0x00000378       0x20 ./CMSIS/GCC/startup_M480.o
 .debug_aranges
                0x00000398       0x28 ./CMSIS/system_M480.o

.debug_ranges   0x00000000      0x320
 .debug_ranges  0x00000000       0x20 ./User/main.o
 .debug_ranges  0x00000020       0x28 ./User/user_sys.o
 .debug_ranges  0x00000048       0xf8 ./Library/StdDriver/src/clk.o
 .debug_ranges  0x00000140       0x30 ./Library/StdDriver/src/gpio.o
 .debug_ranges  0x00000170       0x60 ./Library/StdDriver/src/retarget.o
 .debug_ranges  0x000001d0       0x78 ./Library/StdDriver/src/uart.o
 .debug_ranges  0x00000248       0xc0 ./CMSIS/GCC/_syscalls.o
 .debug_ranges  0x00000308       0x18 ./CMSIS/system_M480.o

.debug_line     0x00000000     0x1d2e
 .debug_line    0x00000000      0x334 ./User/main.o
 .debug_line    0x00000334      0x2bb ./User/user_sys.o
 .debug_line    0x000005ef      0x5b4 ./Library/StdDriver/src/clk.o
 .debug_line    0x00000ba3      0x2be ./Library/StdDriver/src/gpio.o
 .debug_line    0x00000e61      0x3b1 ./Library/StdDriver/src/retarget.o
 .debug_line    0x00001212      0x418 ./Library/StdDriver/src/uart.o
 .debug_line    0x0000162a      0x3e2 ./CMSIS/GCC/_syscalls.o
 .debug_line    0x00001a0c       0x7f ./CMSIS/GCC/startup_M480.o
 .debug_line    0x00001a8b      0x2a3 ./CMSIS/system_M480.o

.debug_str      0x00000000     0x1e75
 .debug_str     0x00000000     0x120b ./User/main.o
                               0x131c (size before relaxing)
 .debug_str     0x0000120b      0x133 ./User/user_sys.o
                                0xb16 (size before relaxing)
 .debug_str     0x0000133e      0x3c0 ./Library/StdDriver/src/clk.o
                                0xfe6 (size before relaxing)
 .debug_str     0x000016fe       0x85 ./Library/StdDriver/src/gpio.o
                                0x940 (size before relaxing)
 .debug_str     0x00001783       0xb7 ./Library/StdDriver/src/retarget.o
                                0x99d (size before relaxing)
 .debug_str     0x0000183a      0x1f2 ./Library/StdDriver/src/uart.o
                                0xc0c (size before relaxing)
 .debug_str     0x00001a2c      0x2aa ./CMSIS/GCC/_syscalls.o
                                0x8b9 (size before relaxing)
 .debug_str     0x00001cd6      0x19f ./CMSIS/system_M480.o
                                0xc0a (size before relaxing)

.debug_frame    0x00000000     0x10a4
 .debug_frame   0x00000000       0x58 ./User/main.o
 .debug_frame   0x00000058       0x6c ./User/user_sys.o
 .debug_frame   0x000000c4      0x2ac ./Library/StdDriver/src/clk.o
 .debug_frame   0x00000370       0x9c ./Library/StdDriver/src/gpio.o
 .debug_frame   0x0000040c       0xf4 ./Library/StdDriver/src/retarget.o
 .debug_frame   0x00000500      0x160 ./Library/StdDriver/src/uart.o
 .debug_frame   0x00000660      0x230 ./CMSIS/GCC/_syscalls.o
 .debug_frame   0x00000890       0x38 ./CMSIS/system_M480.o
 .debug_frame   0x000008c8       0x2c c:/program files (x86)/gnu tools arm embedded/6 2017-q1-update/bin/../lib/gcc/arm-none-eabi/6.3.1/thumb/v7e-m/fpv4-sp/hard\libgcc.a(_aeabi_uldivmod.o)
 .debug_frame   0x000008f4       0x34 c:/program files (x86)/gnu tools arm embedded/6 2017-q1-update/bin/../lib/gcc/arm-none-eabi/6.3.1/thumb/v7e-m/fpv4-sp/hard\libgcc.a(_udivmoddi4.o)
 .debug_frame   0x00000928       0x20 c:/program files (x86)/gnu tools arm embedded/6 2017-q1-update/bin/../lib/gcc/arm-none-eabi/6.3.1/../../../../arm-none-eabi/lib/thumb/v7e-m/fpv4-sp/hard\libg_nano.a(lib_a-errno.o)
 .debug_frame   0x00000948       0x28 c:/program files (x86)/gnu tools arm embedded/6 2017-q1-update/bin/../lib/gcc/arm-none-eabi/6.3.1/../../../../arm-none-eabi/lib/thumb/v7e-m/fpv4-sp/hard\libg_nano.a(lib_a-exit.o)
 .debug_frame   0x00000970       0x2c c:/program files (x86)/gnu tools arm embedded/6 2017-q1-update/bin/../lib/gcc/arm-none-eabi/6.3.1/../../../../arm-none-eabi/lib/thumb/v7e-m/fpv4-sp/hard\libg_nano.a(lib_a-init.o)
 .debug_frame   0x0000099c       0x20 c:/program files (x86)/gnu tools arm embedded/6 2017-q1-update/bin/../lib/gcc/arm-none-eabi/6.3.1/../../../../arm-none-eabi/lib/thumb/v7e-m/fpv4-sp/hard\libg_nano.a(lib_a-memset.o)
 .debug_frame   0x000009bc       0x74 c:/program files (x86)/gnu tools arm embedded/6 2017-q1-update/bin/../lib/gcc/arm-none-eabi/6.3.1/../../../../arm-none-eabi/lib/thumb/v7e-m/fpv4-sp/hard\libg_nano.a(lib_a-printf.o)
 .debug_frame   0x00000a30       0x3c c:/program files (x86)/gnu tools arm embedded/6 2017-q1-update/bin/../lib/gcc/arm-none-eabi/6.3.1/../../../../arm-none-eabi/lib/thumb/v7e-m/fpv4-sp/hard\libg_nano.a(lib_a-puts.o)
 .debug_frame   0x00000a6c       0x40 c:/program files (x86)/gnu tools arm embedded/6 2017-q1-update/bin/../lib/gcc/arm-none-eabi/6.3.1/../../../../arm-none-eabi/lib/thumb/v7e-m/fpv4-sp/hard\libg_nano.a(lib_a-wbuf.o)
 .debug_frame   0x00000aac       0x2c c:/program files (x86)/gnu tools arm embedded/6 2017-q1-update/bin/../lib/gcc/arm-none-eabi/6.3.1/../../../../arm-none-eabi/lib/thumb/v7e-m/fpv4-sp/hard\libg_nano.a(lib_a-wsetup.o)
 .debug_frame   0x00000ad8       0x68 c:/program files (x86)/gnu tools arm embedded/6 2017-q1-update/bin/../lib/gcc/arm-none-eabi/6.3.1/../../../../arm-none-eabi/lib/thumb/v7e-m/fpv4-sp/hard\libg_nano.a(lib_a-fflush.o)
 .debug_frame   0x00000b40      0x11c c:/program files (x86)/gnu tools arm embedded/6 2017-q1-update/bin/../lib/gcc/arm-none-eabi/6.3.1/../../../../arm-none-eabi/lib/thumb/v7e-m/fpv4-sp/hard\libg_nano.a(lib_a-findfp.o)
 .debug_frame   0x00000c5c       0x54 c:/program files (x86)/gnu tools arm embedded/6 2017-q1-update/bin/../lib/gcc/arm-none-eabi/6.3.1/../../../../arm-none-eabi/lib/thumb/v7e-m/fpv4-sp/hard\libg_nano.a(lib_a-fwalk.o)
 .debug_frame   0x00000cb0       0x58 c:/program files (x86)/gnu tools arm embedded/6 2017-q1-update/bin/../lib/gcc/arm-none-eabi/6.3.1/../../../../arm-none-eabi/lib/thumb/v7e-m/fpv4-sp/hard\libg_nano.a(lib_a-makebuf.o)
 .debug_frame   0x00000d08       0x38 c:/program files (x86)/gnu tools arm embedded/6 2017-q1-update/bin/../lib/gcc/arm-none-eabi/6.3.1/../../../../arm-none-eabi/lib/thumb/v7e-m/fpv4-sp/hard\libg_nano.a(lib_a-nano-freer.o)
 .debug_frame   0x00000d40       0x2c c:/program files (x86)/gnu tools arm embedded/6 2017-q1-update/bin/../lib/gcc/arm-none-eabi/6.3.1/../../../../arm-none-eabi/lib/thumb/v7e-m/fpv4-sp/hard\libg_nano.a(lib_a-nano-mallocr.o)
 .debug_frame   0x00000d6c       0xac c:/program files (x86)/gnu tools arm embedded/6 2017-q1-update/bin/../lib/gcc/arm-none-eabi/6.3.1/../../../../arm-none-eabi/lib/thumb/v7e-m/fpv4-sp/hard\libg_nano.a(lib_a-nano-vfprintf.o)
 .debug_frame   0x00000e18       0x60 c:/program files (x86)/gnu tools arm embedded/6 2017-q1-update/bin/../lib/gcc/arm-none-eabi/6.3.1/../../../../arm-none-eabi/lib/thumb/v7e-m/fpv4-sp/hard\libg_nano.a(lib_a-nano-vfprintf_i.o)
 .debug_frame   0x00000e78       0x2c c:/program files (x86)/gnu tools arm embedded/6 2017-q1-update/bin/../lib/gcc/arm-none-eabi/6.3.1/../../../../arm-none-eabi/lib/thumb/v7e-m/fpv4-sp/hard\libg_nano.a(lib_a-sbrkr.o)
 .debug_frame   0x00000ea4       0x88 c:/program files (x86)/gnu tools arm embedded/6 2017-q1-update/bin/../lib/gcc/arm-none-eabi/6.3.1/../../../../arm-none-eabi/lib/thumb/v7e-m/fpv4-sp/hard\libg_nano.a(lib_a-stdio.o)
 .debug_frame   0x00000f2c       0x2c c:/program files (x86)/gnu tools arm embedded/6 2017-q1-update/bin/../lib/gcc/arm-none-eabi/6.3.1/../../../../arm-none-eabi/lib/thumb/v7e-m/fpv4-sp/hard\libg_nano.a(lib_a-writer.o)
 .debug_frame   0x00000f58       0x2c c:/program files (x86)/gnu tools arm embedded/6 2017-q1-update/bin/../lib/gcc/arm-none-eabi/6.3.1/../../../../arm-none-eabi/lib/thumb/v7e-m/fpv4-sp/hard\libg_nano.a(lib_a-closer.o)
 .debug_frame   0x00000f84       0x2c c:/program files (x86)/gnu tools arm embedded/6 2017-q1-update/bin/../lib/gcc/arm-none-eabi/6.3.1/../../../../arm-none-eabi/lib/thumb/v7e-m/fpv4-sp/hard\libg_nano.a(lib_a-fstatr.o)
 .debug_frame   0x00000fb0       0x2c c:/program files (x86)/gnu tools arm embedded/6 2017-q1-update/bin/../lib/gcc/arm-none-eabi/6.3.1/../../../../arm-none-eabi/lib/thumb/v7e-m/fpv4-sp/hard\libg_nano.a(lib_a-isattyr.o)
 .debug_frame   0x00000fdc       0x2c c:/program files (x86)/gnu tools arm embedded/6 2017-q1-update/bin/../lib/gcc/arm-none-eabi/6.3.1/../../../../arm-none-eabi/lib/thumb/v7e-m/fpv4-sp/hard\libg_nano.a(lib_a-lseekr.o)
 .debug_frame   0x00001008       0x30 c:/program files (x86)/gnu tools arm embedded/6 2017-q1-update/bin/../lib/gcc/arm-none-eabi/6.3.1/../../../../arm-none-eabi/lib/thumb/v7e-m/fpv4-sp/hard\libg_nano.a(lib_a-mlock.o)
 .debug_frame   0x00001038       0x2c c:/program files (x86)/gnu tools arm embedded/6 2017-q1-update/bin/../lib/gcc/arm-none-eabi/6.3.1/../../../../arm-none-eabi/lib/thumb/v7e-m/fpv4-sp/hard\libg_nano.a(lib_a-readr.o)
 .debug_frame   0x00001064       0x20 c:/program files (x86)/gnu tools arm embedded/6 2017-q1-update/bin/../lib/gcc/arm-none-eabi/6.3.1/../../../../arm-none-eabi/lib/thumb/v7e-m/fpv4-sp/hard\libnosys.a(sbrk.o)
 .debug_frame   0x00001084       0x20 c:/program files (x86)/gnu tools arm embedded/6 2017-q1-update/bin/../lib/gcc/arm-none-eabi/6.3.1/../../../../arm-none-eabi/lib/thumb/v7e-m/fpv4-sp/hard\libnosys.a(_exit.o)
